Component: ARM Compiler 5.06 update 7 (build 960) Tool: armlink [4d3601]

==============================================================================

Section Cross References

    startup_stm32f446xx.o(STACK) refers (Special) to heapauxi.o(.text) for __use_two_region_memory
    startup_stm32f446xx.o(HEAP) refers (Special) to heapauxi.o(.text) for __use_two_region_memory
    startup_stm32f446xx.o(RESET) refers (Special) to heapauxi.o(.text) for __use_two_region_memory
    startup_stm32f446xx.o(RESET) refers to startup_stm32f446xx.o(STACK) for __initial_sp
    startup_stm32f446xx.o(RESET) refers to startup_stm32f446xx.o(.text) for Reset_Handler
    startup_stm32f446xx.o(RESET) refers to stm32f4xx_it.o(i.NMI_Handler) for NMI_Handler
    startup_stm32f446xx.o(RESET) refers to stm32f4xx_it.o(i.HardFault_Handler) for HardFault_Handler
    startup_stm32f446xx.o(RESET) refers to stm32f4xx_it.o(i.MemManage_Handler) for MemManage_Handler
    startup_stm32f446xx.o(RESET) refers to stm32f4xx_it.o(i.BusFault_Handler) for BusFault_Handler
    startup_stm32f446xx.o(RESET) refers to stm32f4xx_it.o(i.UsageFault_Handler) for UsageFault_Handler
    startup_stm32f446xx.o(RESET) refers to stm32f4xx_it.o(i.SVC_Handler) for SVC_Handler
    startup_stm32f446xx.o(RESET) refers to stm32f4xx_it.o(i.DebugMon_Handler) for DebugMon_Handler
    startup_stm32f446xx.o(RESET) refers to stm32f4xx_it.o(i.PendSV_Handler) for PendSV_Handler
    startup_stm32f446xx.o(RESET) refers to stm32f4xx_it.o(i.SysTick_Handler) for SysTick_Handler
    startup_stm32f446xx.o(RESET) refers to stm32f4xx_it.o(i.CAN1_RX0_IRQHandler) for CAN1_RX0_IRQHandler
    startup_stm32f446xx.o(RESET) refers to stm32f4xx_it.o(i.CAN1_RX1_IRQHandler) for CAN1_RX1_IRQHandler
    startup_stm32f446xx.o(RESET) refers to stm32f4xx_it.o(i.I2C1_EV_IRQHandler) for I2C1_EV_IRQHandler
    startup_stm32f446xx.o(RESET) refers to stm32f4xx_it.o(i.I2C1_ER_IRQHandler) for I2C1_ER_IRQHandler
    startup_stm32f446xx.o(RESET) refers to stm32f4xx_it.o(i.TIM8_TRG_COM_TIM14_IRQHandler) for TIM8_TRG_COM_TIM14_IRQHandler
    startup_stm32f446xx.o(RESET) refers to stm32f4xx_it.o(i.UART4_IRQHandler) for UART4_IRQHandler
    startup_stm32f446xx.o(RESET) refers to stm32f4xx_it.o(i.UART5_IRQHandler) for UART5_IRQHandler
    startup_stm32f446xx.o(RESET) refers to stm32f4xx_it.o(i.CAN2_RX0_IRQHandler) for CAN2_RX0_IRQHandler
    startup_stm32f446xx.o(RESET) refers to stm32f4xx_it.o(i.CAN2_RX1_IRQHandler) for CAN2_RX1_IRQHandler
    startup_stm32f446xx.o(.text) refers (Special) to heapauxi.o(.text) for __use_two_region_memory
    startup_stm32f446xx.o(.text) refers to system_stm32f4xx.o(i.SystemInit) for SystemInit
    startup_stm32f446xx.o(.text) refers to __main.o(!!!main) for __main
    startup_stm32f446xx.o(.text) refers to startup_stm32f446xx.o(HEAP) for Heap_Mem
    startup_stm32f446xx.o(.text) refers to startup_stm32f446xx.o(STACK) for Stack_Mem
    main.o(i.Absolute_Position_Reception) refers to main.o(.bss) for .bss
    main.o(i.Absolute_Position_Reception) refers to main.o(.data) for .data
    main.o(i.Arm_Controls) refers to main.o(i.Set_Motor_Velocity) for Set_Motor_Velocity
    main.o(i.Arm_Controls) refers to main.o(.data) for .data
    main.o(i.CAN2_Reception) refers to stm32f4xx_hal_can.o(i.HAL_CAN_GetRxMessage) for HAL_CAN_GetRxMessage
    main.o(i.CAN2_Reception) refers to main.o(i.CAN_SPI_READ) for CAN_SPI_READ
    main.o(i.CAN2_Reception) refers to dflt_clz.o(x$fpl$dfltu) for __aeabi_ui2d
    main.o(i.CAN2_Reception) refers to main.o(i.New_Sensor_Pos) for New_Sensor_Pos
    main.o(i.CAN2_Reception) refers to main.o(i.CAN_Reception) for CAN_Reception
    main.o(i.CAN2_Reception) refers to f2d.o(x$fpl$f2d) for __aeabi_f2d
    main.o(i.CAN2_Reception) refers to main.o(i.Absolute_Position_Reception) for Absolute_Position_Reception
    main.o(i.CAN2_Reception) refers to main.o(.data) for .data
    main.o(i.CAN2_Reception) refers to main.o(.bss) for .bss
    main.o(i.CAN_Reception) refers to main.o(.data) for .data
    main.o(i.CAN_Transmit) refers to rt_memcpy_w.o(.text) for __aeabi_memcpy4
    main.o(i.CAN_Transmit) refers to stm32f4xx_hal_can.o(i.HAL_CAN_AddTxMessage) for HAL_CAN_AddTxMessage
    main.o(i.CAN_Transmit) refers to stm32f4xx_hal.o(i.HAL_Delay) for HAL_Delay
    main.o(i.CAN_Transmit) refers to main.o(.bss) for .bss
    main.o(i.CAN_Transmit) refers to main.o(.data) for .data
    main.o(i.Clear_Errors) refers to main.o(i.Reboot) for Reboot
    main.o(i.Clear_Errors) refers to stm32f4xx_hal.o(i.HAL_Delay) for HAL_Delay
    main.o(i.Clear_Errors) refers to main.o(.bss) for .bss
    main.o(i.Drive_Wheel_Controls) refers to main.o(i.Set_Motor_Torque) for Set_Motor_Torque
    main.o(i.Drive_Wheel_Controls) refers to main.o(i.CAN_Transmit) for CAN_Transmit
    main.o(i.Drive_Wheel_Controls) refers to stm32f4xx_hal.o(i.HAL_Delay) for HAL_Delay
    main.o(i.Drive_Wheel_Controls) refers to main.o(.data) for .data
    main.o(i.Drive_Wheel_Controls) refers to main.o(.bss) for .bss
[...]
    i.HAL_I2C_MasterRxCpltCallback           0x08001686   Section        0  stm32f4xx_hal_i2c.o(i.HAL_I2C_MasterRxCpltCallback)
    i.HAL_I2C_MasterTxCpltCallback           0x08001688   Section        0  stm32f4xx_hal_i2c.o(i.HAL_I2C_MasterTxCpltCallback)
    i.HAL_I2C_MemRxCpltCallback              0x0800168a   Section        0  stm32f4xx_hal_i2c.o(i.HAL_I2C_MemRxCpltCallback)
    i.HAL_I2C_MemTxCpltCallback              0x0800168c   Section        0  stm32f4xx_hal_i2c.o(i.HAL_I2C_MemTxCpltCallback)
    i.HAL_I2C_MspInit                        0x08001690   Section        0  stm32f4xx_hal_msp.o(i.HAL_I2C_MspInit)
    i.HAL_I2C_SlaveRxCpltCallback            0x08001718   Section        0  stm32f4xx_hal_i2c.o(i.HAL_I2C_SlaveRxCpltCallback)
    i.HAL_I2C_SlaveTxCpltCallback            0x0800171a   Section        0  stm32f4xx_hal_i2c.o(i.HAL_I2C_SlaveTxCpltCallback)
    i.HAL_IncTick                            0x0800171c   Section        0  stm32f4xx_hal.o(i.HAL_IncTick)
    i.HAL_Init                               0x0800172c   Section        0  stm32f4xx_hal.o(i.HAL_Init)
    i.HAL_InitTick                           0x08001760   Section        0  stm32f4xx_hal.o(i.HAL_InitTick)
    i.HAL_MspInit                            0x080017a0   Section        0  stm32f4xx_hal_msp.o(i.HAL_MspInit)
    i.HAL_NVIC_EnableIRQ                     0x080017d0   Section        0  stm32f4xx_hal_cortex.o(i.HAL_NVIC_EnableIRQ)
    i.HAL_NVIC_SetPriority                   0x080017ec   Section        0  stm32f4xx_hal_cortex.o(i.HAL_NVIC_SetPriority)
    i.HAL_NVIC_SetPriorityGrouping           0x0800182c   Section        0  stm32f4xx_hal_cortex.o(i.HAL_NVIC_SetPriorityGrouping)
    i.HAL_PWREx_EnableOverDrive              0x08001850   Section        0  stm32f4xx_hal_pwr_ex.o(i.HAL_PWREx_EnableOverDrive)
    i.HAL_RCC_ClockConfig                    0x080018c0   Section        0  stm32f4xx_hal_rcc.o(i.HAL_RCC_ClockConfig)
    i.HAL_RCC_GetPCLK1Freq                   0x080019f4   Section        0  stm32f4xx_hal_rcc.o(i.HAL_RCC_GetPCLK1Freq)
    i.HAL_RCC_GetPCLK2Freq                   0x08001a14   Section        0  stm32f4xx_hal_rcc.o(i.HAL_RCC_GetPCLK2Freq)
    i.HAL_RCC_GetSysClockFreq                0x08001a34   Section        0  stm32f4xx_hal_rcc_ex.o(i.HAL_RCC_GetSysClockFreq)
    i.HAL_RCC_OscConfig                      0x08001ac8   Section        0  stm32f4xx_hal_rcc_ex.o(i.HAL_RCC_OscConfig)
    i.HAL_SYSTICK_Config                     0x08001e60   Section        0  stm32f4xx_hal_cortex.o(i.HAL_SYSTICK_Config)
    i.HAL_TIMEx_BreakCallback                0x08001e88   Section        0  stm32f4xx_hal_tim_ex.o(i.HAL_TIMEx_BreakCallback)
    i.HAL_TIMEx_CommutCallback               0x08001e8a   Section        0  stm32f4xx_hal_tim_ex.o(i.HAL_TIMEx_CommutCallback)
    i.HAL_TIM_Base_Init                      0x08001e8c   Section        0  stm32f4xx_hal_tim.o(i.HAL_TIM_Base_Init)
    i.HAL_TIM_Base_MspInit                   0x08001ee8   Section        0  stm32f4xx_hal_msp.o(i.HAL_TIM_Base_MspInit)
    i.HAL_TIM_IC_CaptureCallback             0x08001f24   Section        0  stm32f4xx_hal_tim.o(i.HAL_TIM_IC_CaptureCallback)
    i.HAL_TIM_IRQHandler                     0x08001f26   Section        0  stm32f4xx_hal_tim.o(i.HAL_TIM_IRQHandler)
    i.HAL_TIM_OC_DelayElapsedCallback        0x0800208c   Section        0  stm32f4xx_hal_tim.o(i.HAL_TIM_OC_DelayElapsedCallback)
    i.HAL_TIM_PWM_PulseFinishedCallback      0x0800208e   Section        0  stm32f4xx_hal_tim.o(i.HAL_TIM_PWM_PulseFinishedCallback)
    i.HAL_TIM_PeriodElapsedCallback          0x08002090   Section        0  stm32f4xx_hal_tim.o(i.HAL_TIM_PeriodElapsedCallback)
    i.HAL_TIM_TriggerCallback                0x08002092   Section        0  stm32f4xx_hal_tim.o(i.HAL_TIM_TriggerCallback)
    i.HAL_UARTEx_RxEventCallback             0x08002094   Section        0  stm32f4xx_hal_uart.o(i.HAL_UARTEx_RxEventCallback)
    i.HAL_UART_ErrorCallback                 0x08002096   Section        0  stm32f4xx_hal_uart.o(i.HAL_UART_ErrorCallback)
    i.HAL_UART_IRQHandler                    0x08002098   Section        0  stm32f4xx_hal_uart.o(i.HAL_UART_IRQHandler)
    i.HAL_UART_Init                          0x08002300   Section        0  stm32f4xx_hal_uart.o(i.HAL_UART_Init)
    i.HAL_UART_MspInit                       0x08002364   Section        0  stm32f4xx_hal_msp.o(i.HAL_UART_MspInit)
    i.HAL_UART_Receive_IT                    0x08002454   Section        0  stm32f4xx_hal_uart.o(i.HAL_UART_Receive_IT)
    i.HAL_UART_RxCpltCallback                0x08002480   Section        0  main.o(i.HAL_UART_RxCpltCallback)
    i.HAL_UART_TxCpltCallback                0x080024cc   Section        0  stm32f4xx_hal_uart.o(i.HAL_UART_TxCpltCallback)
    i.HardFault_Handler                      0x080024ce   Section        0  stm32f4xx_it.o(i.HardFault_Handler)
    i.I2C1_ER_IRQHandler                     0x080024d0   Section        0  stm32f4xx_it.o(i.I2C1_ER_IRQHandler)
    i.I2C1_EV_IRQHandler                     0x080024dc   Section        0  stm32f4xx_it.o(i.I2C1_EV_IRQHandler)
    i.I2C_DMAAbort                           0x080024e8   Section        0  stm32f4xx_hal_i2c.o(i.I2C_DMAAbort)
    I2C_DMAAbort                             0x080024e9   Thumb Code   182  stm32f4xx_hal_i2c.o(i.I2C_DMAAbort)
    i.I2C_ITError                            0x080025a4   Section        0  stm32f4xx_hal_i2c.o(i.I2C_ITError)
    I2C_ITError                              0x080025a5   Thumb Code   336  stm32f4xx_hal_i2c.o(i.I2C_ITError)
    i.I2C_MasterReceive_BTF                  0x080026fc   Section        0  stm32f4xx_hal_i2c.o(i.I2C_MasterReceive_BTF)
    I2C_MasterReceive_BTF                    0x080026fd   Thumb Code   210  stm32f4xx_hal_i2c.o(i.I2C_MasterReceive_BTF)
    i.I2C_MasterReceive_RXNE                 0x080027d0   Section        0  stm32f4xx_hal_i2c.o(i.I2C_MasterReceive_RXNE)
    I2C_MasterReceive_RXNE                   0x080027d1   Thumb Code   228  stm32f4xx_hal_i2c.o(i.I2C_MasterReceive_RXNE)
    i.I2C_MasterTransmit_BTF                 0x080028b8   Section        0  stm32f4xx_hal_i2c.o(i.I2C_MasterTransmit_BTF)
    I2C_MasterTransmit_BTF                   0x080028b9   Thumb Code   130  stm32f4xx_hal_i2c.o(i.I2C_MasterTransmit_BTF)
    i.I2C_MasterTransmit_TXE                 0x0800293c   Section        0  stm32f4xx_hal_i2c.o(i.I2C_MasterTransmit_TXE)
    I2C_MasterTransmit_TXE                   0x0800293d   Thumb Code   182  stm32f4xx_hal_i2c.o(i.I2C_MasterTransmit_TXE)
    i.I2C_Master_ADDR                        0x080029f4   Section        0  stm32f4xx_hal_i2c.o(i.I2C_Master_ADDR)
    I2C_Master_ADDR                          0x080029f5   Thumb Code   276  stm32f4xx_hal_i2c.o(i.I2C_Master_ADDR)
    i.I2C_Master_SB                          0x08002b0c   Section        0  stm32f4xx_hal_i2c.o(i.I2C_Master_SB)
    I2C_Master_SB                            0x08002b0d   Thumb Code   140  stm32f4xx_hal_i2c.o(i.I2C_Master_SB)
    i.I2C_MemoryTransmit_TXE_BTF             0x08002b98   Section        0  stm32f4xx_hal_i2c.o(i.I2C_MemoryTransmit_TXE_BTF)
    I2C_MemoryTransmit_TXE_BTF               0x08002b99   Thumb Code   160  stm32f4xx_hal_i2c.o(i.I2C_MemoryTransmit_TXE_BTF)
    i.I2C_Slave_ADDR                         0x08002c38   Section        0  stm32f4xx_hal_i2c.o(i.I2C_Slave_ADDR)
    I2C_Slave_ADDR                           0x08002c39   Thumb Code    70  stm32f4xx_hal_i2c.o(i.I2C_Slave_ADDR)
    i.I2C_Slave_AF                           0x08002c80   Section        0  stm32f4xx_hal_i2c.o(i.I2C_Slave_AF)
    I2C_Slave_AF                             0x08002c81   Thumb Code   126  stm32f4xx_hal_i2c.o(i.I2C_Slave_AF)
    i.I2C_Slave_STOPF                        0x08002d04   Section        0  stm32f4xx_hal_i2c.o(i.I2C_Slave_STOPF)
    I2C_Slave_STOPF                          0x08002d05   Thumb Code   338  stm32f4xx_hal_i2c.o(i.I2C_Slave_STOPF)
    i.Joystick_Reception                     0x08002e60   Section        0  main.o(i.Joystick_Reception)
    i.MX_CAN2_Init                           0x08002eb4   Section        0  main.o(i.MX_CAN2_Init)
    MX_CAN2_Init                             0x08002eb5   Thumb Code    90  main.o(i.MX_CAN2_Init)
    i.MX_GPIO_Init                           0x08002f18   Section        0  main.o(i.MX_GPIO_Init)
    MX_GPIO_Init                             0x08002f19   Thumb Code   180  main.o(i.MX_GPIO_Init)
    i.MemManage_Handler                      0x08002fd8   Section        0  stm32f4xx_it.o(i.MemManage_Handler)
    i.NMI_Handler                            0x08002fda   Section        0  stm32f4xx_it.o(i.NMI_Handler)
    i.New_Sensor_Pos                         0x08002fdc   Section        0  main.o(i.New_Sensor_Pos)
    i.PendSV_Handler                         0x08003088   Section        0  stm32f4xx_it.o(i.PendSV_Handler)
    i.SVC_Handler                            0x0800308a   Section        0  stm32f4xx_it.o(i.SVC_Handler)
    i.Start_Calibration_For                  0x0800308c   Section        0  main.o(i.Start_Calibration_For)
    i.SysTick_Handler                        0x080030d4   Section        0  stm32f4xx_it.o(i.SysTick_Handler)
    i.SystemClock_Config                     0x080030d8   Section        0  main.o(i.SystemClock_Config)
    i.SystemInit                             0x08003178   Section        0  system_stm32f4xx.o(i.SystemInit)
    i.TIM8_TRG_COM_TIM14_IRQHandler          0x08003188   Section        0  stm32f4xx_it.o(i.TIM8_TRG_COM_TIM14_IRQHandler)
    i.TIM_Base_SetConfig                     0x08003194   Section        0  stm32f4xx_hal_tim.o(i.TIM_Base_SetConfig)
    i.UART4_IRQHandler                       0x0800325c   Section        0  stm32f4xx_it.o(i.UART4_IRQHandler)
    i.UART5_IRQHandler                       0x08003268   Section        0  stm32f4xx_it.o(i.UART5_IRQHandler)
    i.UART_DMAAbortOnError                   0x08003274   Section        0  stm32f4xx_hal_uart.o(i.UART_DMAAbortOnError)
    UART_DMAAbortOnError                     0x08003275   Thumb Code    16  stm32f4xx_hal_uart.o(i.UART_DMAAbortOnError)
    i.UART_EndRxTransfer                     0x08003284   Section        0  stm32f4xx_hal_uart.o(i.UART_EndRxTransfer)
    UART_EndRxTransfer                       0x08003285   Thumb Code    78  stm32f4xx_hal_uart.o(i.UART_EndRxTransfer)
    i.UART_Receive_IT                        0x080032d2   Section        0  stm32f4xx_hal_uart.o(i.UART_Receive_IT)
    UART_Receive_IT                          0x080032d3   Thumb Code   192  stm32f4xx_hal_uart.o(i.UART_Receive_IT)
    i.UART_SetConfig                         0x08003394   Section        0  stm32f4xx_hal_uart.o(i.UART_SetConfig)
    UART_SetConfig                           0x08003395   Thumb Code   258  stm32f4xx_hal_uart.o(i.UART_SetConfig)
    i.UART_Start_Receive_IT                  0x080034a0   Section        0  stm32f4xx_hal_uart.o(i.UART_Start_Receive_IT)
    i.UsageFault_Handler                     0x080034da   Section        0  stm32f4xx_it.o(i.UsageFault_Handler)
    i.__NVIC_SetPriority                     0x080034dc   Section        0  stm32f4xx_hal_cortex.o(i.__NVIC_SetPriority)
    __NVIC_SetPriority                       0x080034dd   Thumb Code    32  stm32f4xx_hal_cortex.o(i.__NVIC_SetPriority)
    i.main                                   0x080034fc   Section        0  main.o(i.main)
    x$fpl$d2f                                0x08003648   Section       98  d2f.o(x$fpl$d2f)
    $v0                                      0x08003648   Number         0  d2f.o(x$fpl$d2f)
    x$fpl$dadd                               0x080036ac   Section      336  daddsub_clz.o(x$fpl$dadd)
    $v0                                      0x080036ac   Number         0  daddsub_clz.o(x$fpl$dadd)
    _dadd1                                   0x080036bd   Thumb Code     0  daddsub_clz.o(x$fpl$dadd)
    x$fpl$dcmpinf                            0x080037fc   Section       24  dcmpi.o(x$fpl$dcmpinf)
    $v0                                      0x080037fc   Number         0  dcmpi.o(x$fpl$dcmpinf)
    x$fpl$dfltu                              0x08003814   Section       38  dflt_clz.o(x$fpl$dfltu)
    $v0                                      0x08003814   Number         0  dflt_clz.o(x$fpl$dfltu)
    x$fpl$dleqf                              0x0800383c   Section      120  dleqf.o(x$fpl$dleqf)
    $v0                                      0x0800383c   Number         0  dleqf.o(x$fpl$dleqf)
    x$fpl$dmul                               0x080038b4   Section      340  dmul.o(x$fpl$dmul)
    $v0                                      0x080038b4   Number         0  dmul.o(x$fpl$dmul)
    x$fpl$dnaninf                            0x08003a08   Section      156  dnaninf.o(x$fpl$dnaninf)
    $v0                                      0x08003a08   Number         0  dnaninf.o(x$fpl$dnaninf)
    x$fpl$dretinf                            0x08003aa4   Section       12  dretinf.o(x$fpl$dretinf)
    $v0                                      0x08003aa4   Number         0  dretinf.o(x$fpl$dretinf)
    x$fpl$drleqf                             0x08003ab0   Section      108  drleqf.o(x$fpl$drleqf)
    $v0                                      0x08003ab0   Number         0  drleqf.o(x$fpl$drleqf)
    x$fpl$dsub                               0x08003b1c   Section      468  daddsub_clz.o(x$fpl$dsub)
    $v0                                      0x08003b1c   Number         0  daddsub_clz.o(x$fpl$dsub)
    _dsub1                                   0x08003b2d   Thumb Code     0  daddsub_clz.o(x$fpl$dsub)
    x$fpl$f2d                                0x08003cf0   Section       86  f2d.o(x$fpl$f2d)
    $v0                                      0x08003cf0   Number         0  f2d.o(x$fpl$f2d)
    x$fpl$fnaninf                            0x08003d46   Section      140  fnaninf.o(x$fpl$fnaninf)
    $v0                                      0x08003d46   Number         0  fnaninf.o(x$fpl$fnaninf)
    x$fpl$fpinit                             0x08003dd2   Section       10  fpinit.o(x$fpl$fpinit)
    $v0                                      0x08003dd2   Number         0  fpinit.o(x$fpl$fpinit)
    x$fpl$fretinf                            0x08003ddc   Section       10  fretinf.o(x$fpl$fretinf)
    $v0                                      0x08003ddc   Number         0  fretinf.o(x$fpl$fretinf)
    .constdata                               0x08003de6   Section       16  system_stm32f4xx.o(.constdata)
    x$fpl$usenofp                            0x08003de6   Section        0  usenofp.o(x$fpl$usenofp)
    .constdata                               0x08003df6   Section        8  system_stm32f4xx.o(.constdata)
    .data                                    0x20000000   Section      384  main.o(.data)
    .data                                    0x20000180   Section        4  stm32f4xx_hal_msp.o(.data)
    HAL_RCC_CAN1_CLK_ENABLED                 0x20000180   Data           4  stm32f4xx_hal_msp.o(.data)
    .data                                    0x20000184   Section       12  stm32f4xx_hal.o(.data)
    .data                                    0x20000190   Section        4  system_stm32f4xx.o(.data)
    .bss                                     0x20000194   Section       40  main.o(.bss)
    .bss                                     0x200001bc   Section      724  main.o(.bss)
    .bss                                     0x20000490   Section       96  libspace.o(.bss)
    HEAP                                     0x200004f0   Section      512  startup_stm32f446xx.o(HEAP)
    Heap_Mem                                 0x200004f0   Data         512  startup_stm32f446xx.o(HEAP)
    STACK                                    0x200006f0   Section     1024  startup_stm32f446xx.o(STACK)
    Stack_Mem                                0x200006f0   Data        1024  startup_stm32f446xx.o(STACK)
    __initial_sp                             0x20000af0   Data           0  startup_stm32f446xx.o(STACK)

    Global Symbols

    Symbol Name                              Value     Ov Type        Size  Object(Section)

    BuildAttributes$$THM_ISAv4$E$P$D$K$B$S$7EM$VFPi3$EXTD16$VFPS$VFMA$PE$A:L22UL41UL21$X:L11$S22US41US21$IEEE1$IW$USESV6$~STKCKD$USESV7$~SHL$OTIME$ROPI$IEEEX$EBA8$UX$STANDARDLIB$REQ8$PRES8$EABIv2 0x00000000   Number         0  anon$$obj.o ABSOLUTE
    __ARM_use_no_argv                        0x00000000   Number         0  main.o ABSOLUTE
    __ARM_exceptions_init                     - Undefined Weak Reference
    __alloca_initialize                       - Undefined Weak Reference
    __arm_fini_                               - Undefined Weak Reference
    __arm_preinit_                            - Undefined Weak Reference
    __cpp_initialize__aeabi_                  - Undefined Weak Reference
    __cxa_finalize                            - Undefined Weak Reference
    __rt_locale                               - Undefined Weak Reference
    __sigvec_lookup                           - Undefined Weak Reference
    _atexit_init                              - Undefined Weak Reference
    _call_atexit_fns                          - Undefined Weak Reference
    _clock_init                               - Undefined Weak Reference
    _fp_trap_init                             - Undefined Weak Reference
    _fp_trap_shutdown                         - Undefined Weak Reference
    _get_lc_collate                           - Undefined Weak Reference
    _get_lc_ctype                             - Undefined Weak Reference
    _get_lc_monetary                          - Undefined Weak Reference
    _get_lc_numeric                           - Undefined Weak Reference
    _get_lc_time                              - Undefined Weak Reference
    _getenv_init                              - Undefined Weak Reference
    _handle_redirection                       - Undefined Weak Reference
    _init_alloc                               - Undefined Weak Reference
    _init_user_alloc                          - Undefined Weak Reference
    _initio                                   - Undefined Weak Reference
    _rand_init                                - Undefined Weak Reference
    _signal_finish                            - Undefined Weak Reference
    _signal_init                              - Undefined Weak Reference
    _terminate_alloc                          - Undefined Weak Reference
    _terminate_user_alloc                     - Undefined Weak Reference
    _terminateio                              - Undefined Weak Reference
    __Vectors_Size                           0x000001c4   Number         0  startup_stm32f446xx.o ABSOLUTE
    __Vectors                                0x08000000   Data           4  startup_stm32f446xx.o(RESET)
    __Vectors_End                            0x080001c4   Data           0  startup_stm32f446xx.o(RESET)
    __main                                   0x080001c5   Thumb Code     8  __main.o(!!!main)
    __scatterload                            0x080001cd   Thumb Code     0  __scatter.o(!!!scatter)
    __scatterload_rt2                        0x080001cd   Thumb Code    44  __scatter.o(!!!scatter)
    __scatterload_rt2_thumb_only             0x080001cd   Thumb Code     0  __scatter.o(!!!scatter)
    __scatterload_null                       0x080001db   Thumb Code     0  __scatter.o(!!!scatter)
    __decompress                             0x08000201   Thumb Code    90  __dczerorl2.o(!!dczerorl2)
    __decompress1                            0x08000201   Thumb Code     0  __dczerorl2.o(!!dczerorl2)
    __scatterload_zeroinit                   0x0800025d   Thumb Code    28  __scatter_zi.o(!!handler_zi)
    __rt_lib_init                            0x08000279   Thumb Code     0  libinit.o(.ARM.Collect$$libinit$$00000000)
    __rt_lib_init_fp_1                       0x0800027b   Thumb Code     0  libinit2.o(.ARM.Collect$$libinit$$00000001)
    __rt_lib_init_alloca_1                   0x0800027f   Thumb Code     0  libinit2.o(.ARM.Collect$$libinit$$0000002E)
    __rt_lib_init_argv_1                     0x0800027f   Thumb Code     0  libinit2.o(.ARM.Collect$$libinit$$0000002C)
    __rt_lib_init_atexit_1                   0x0800027f   Thumb Code     0  libinit2.o(.ARM.Collect$$libinit$$0000001B)
    __rt_lib_init_clock_1                    0x0800027f   Thumb Code     0  libinit2.o(.ARM.Collect$$libinit$$00000021)
    __rt_lib_init_cpp_1                      0x0800027f   Thumb Code     0  libinit2.o(.ARM.Collect$$libinit$$00000032)
    __rt_lib_init_exceptions_1               0x0800027f   Thumb Code     0  libinit2.o(.ARM.Collect$$libinit$$00000030)
    __rt_lib_init_fp_trap_1                  0x0800027f   Thumb Code     0  libinit2.o(.ARM.Collect$$libinit$$0000001F)
    __rt_lib_init_getenv_1                   0x0800027f   Thumb Code     0  libinit2.o(.ARM.Collect$$libinit$$00000023)
    __rt_lib_init_heap_1                     0x0800027f   Thumb Code     0  libinit2.o(.ARM.Collect$$libinit$$0000000A)
    __rt_lib_init_lc_collate_1               0x0800027f   Thumb Code     0  libinit2.o(.ARM.Collect$$libinit$$00000011)
    __rt_lib_init_lc_ctype_1                 0x0800027f   Thumb Code     0  libinit2.o(.ARM.Collect$$libinit$$00000013)
    __rt_lib_init_lc_monetary_1              0x0800027f   Thumb Code     0  libinit2.o(.ARM.Collect$$libinit$$00000015)
    __rt_lib_init_lc_numeric_1               0x0800027f   Thumb Code     0  libinit2.o(.ARM.Collect$$libinit$$00000017)
    __rt_lib_init_lc_time_1                  0x0800027f   Thumb Code     0  libinit2.o(.ARM.Collect$$libinit$$00000019)
    __rt_lib_init_preinit_1                  0x0800027f   Thumb Code     0  libinit2.o(.ARM.Collect$$libinit$$00000004)
    __rt_lib_init_rand_1                     0x0800027f   Thumb Code     0  libinit2.o(.ARM.Collect$$libinit$$0000000E)
    __rt_lib_init_return                     0x0800027f   Thumb Code     0  libinit2.o(.ARM.Collect$$libinit$$00000033)
    __rt_lib_init_signal_1                   0x0800027f   Thumb Code     0  libinit2.o(.ARM.Collect$$libinit$$0000001D)
    __rt_lib_init_stdio_1                    0x0800027f   Thumb Code     0  libinit2.o(.ARM.Collect$$libinit$$00000025)
    __rt_lib_init_user_alloc_1               0x0800027f   Thumb Code     0  libinit2.o(.ARM.Collect$$libinit$$0000000C)
    __rt_lib_shutdown                        0x08000281   Thumb Code     0  libshutdown.o(.ARM.Collect$$libshutdown$$00000000)
    __rt_lib_shutdown_cpp_1                  0x08000283   Thumb Code     0  libshutdown2.o(.ARM.Collect$$libshutdown$$00000004)
    __rt_lib_shutdown_fini_1                 0x08000283   Thumb Code     0  libshutdown2.o(.ARM.Collect$$libshutdown$$00000002)
    __rt_lib_shutdown_fp_trap_1              0x08000283   Thumb Code     0  libshutdown2.o(.ARM.Collect$$libshutdown$$00000009)
    __rt_lib_shutdown_heap_1                 0x08000283   Thumb Code     0  libshutdown2.o(.ARM.Collect$$libshutdown$$00000011)
    __rt_lib_shutdown_return                 0x08000283   Thumb Code     0  libshutdown2.o(.ARM.Collect$$libshutdown$$00000012)
    __rt_lib_shutdown_signal_1               0x08000283   Thumb Code     0  libshutdown2.o(.ARM.Collect$$libshutdown$$0000000C)
    __rt_lib_shutdown_stdio_1                0x08000283   Thumb Code     0  libshutdown2.o(.ARM.Collect$$libshutdown$$00000006)
    __rt_lib_shutdown_user_alloc_1           0x08000283   Thumb Code     0  libshutdown2.o(.ARM.Collect$$libshutdown$$0000000E)
    __rt_entry                               0x08000285   Thumb Code     0  __rtentry.o(.ARM.Collect$$rtentry$$00000000)
    __rt_entry_presh_1                       0x08000285   Thumb Code     0  __rtentry2.o(.ARM.Collect$$rtentry$$00000002)
    __rt_entry_sh                            0x08000285   Thumb Code     0  __rtentry4.o(.ARM.Collect$$rtentry$$00000004)
    __rt_entry_li                            0x0800028b   Thumb Code     0  __rtentry2.o(.ARM.Collect$$rtentry$$0000000A)
    __rt_entry_postsh_1                      0x0800028b   Thumb Code     0  __rtentry2.o(.ARM.Collect$$rtentry$$00000009)
    __rt_entry_main                          0x0800028f   Thumb Code     0  __rtentry2.o(.ARM.Collect$$rtentry$$0000000D)
    __rt_entry_postli_1                      0x0800028f   Thumb Code     0  __rtentry2.o(.ARM.Collect$$rtentry$$0000000C)
    __rt_exit                                0x08000297   Thumb Code     0  rtexit.o(.ARM.Collect$$rtexit$$00000000)
    __rt_exit_ls                             0x08000299   Thumb Code     0  rtexit2.o(.ARM.Collect$$rtexit$$00000003)
    __rt_exit_prels_1                        0x08000299   Thumb Code     0  rtexit2.o(.ARM.Collect$$rtexit$$00000002)
    __rt_exit_exit                           0x0800029d   Thumb Code     0  rtexit2.o(.ARM.Collect$$rtexit$$00000004)
    Reset_Handler                            0x080002a5   Thumb Code     8  startup_stm32f446xx.o(.text)
    ADC_IRQHandler                           0x080002bf   Thumb Code     0  startup_stm32f446xx.o(.text)
    CAN1_SCE_IRQHandler                      0x080002bf   Thumb Code     0  startup_stm32f446xx.o(.text)
    CAN1_TX_IRQHandler                       0x080002bf   Thumb Code     0  startup_stm32f446xx.o(.text)
    CAN2_SCE_IRQHandler                      0x080002bf   Thumb Code     0  startup_stm32f446xx.o(.text)
    CAN2_TX_IRQHandler                       0x080002bf   Thumb Code     0  startup_stm32f446xx.o(.text)
    CEC_IRQHandler                           0x080002bf   Thumb Code     0  startup_stm32f446xx.o(.text)
    DCMI_IRQHandler                          0x080002bf   Thumb Code     0  startup_stm32f446xx.o(.text)
    DMA1_Stream0_IRQHandler                  0x080002bf   Thumb Code     0  startup_stm32f446xx.o(.text)
    DMA1_Stream1_IRQHandler                  0x080002bf   Thumb Code     0  startup_stm32f446xx.o(.text)
    DMA1_Stream2_IRQHandler                  0x080002bf   Thumb Code     0  startup_stm32f446xx.o(.text)
    DMA1_Stream3_IRQHandler                  0x080002bf   Thumb Code     0  startup_stm32f446xx.o(.text)
    DMA1_Stream4_IRQHandler                  0x080002bf   Thumb Code     0  startup_stm32f446xx.o(.text)
    DMA1_Stream5_IRQHandler                  0x080002bf   Thumb Code     0  startup_stm32f446xx.o(.text)
    DMA1_Stream6_IRQHandler                  0x080002bf   Thumb Code     0  startup_stm32f446xx.o(.text)
    DMA1_Stream7_IRQHandler                  0x080002bf   Thumb Code     0  startup_stm32f446xx.o(.text)
    DMA2_Stream0_IRQHandler                  0x080002bf   Thumb Code     0  startup_stm32f446xx.o(.text)
    DMA2_Stream1_IRQHandler                  0x080002bf   Thumb Code     0  startup_stm32f446xx.o(.text)
    DMA2_Stream2_IRQHandler                  0x080002bf   Thumb Code     0  startup_stm32f446xx.o(.text)
    DMA2_Stream3_IRQHandler                  0x080002bf   Thumb Code     0  startup_stm32f446xx.o(.text)
    DMA2_Stream4_IRQHandler                  0x080002bf   Thumb Code     0  startup_stm32f446xx.o(.text)
    DMA2_Stream5_IRQHandler                  0x080002bf   Thumb Code     0  startup_stm32f446xx.o(.text)
    DMA2_Stream6_IRQHandler                  0x080002bf   Thumb Code     0  startup_stm32f446xx.o(.text)
    DMA2_Stream7_IRQHandler                  0x080002bf   Thumb Code     0  startup_stm32f446xx.o(.text)
    EXTI0_IRQHandler                         0x080002bf   Thumb Code     0  startup_stm32f446xx.o(.text)
    EXTI15_10_IRQHandler                     0x080002bf   Thumb Code     0  startup_stm32f446xx.o(.text)
    EXTI1_IRQHandler                         0x080002bf   Thumb Code     0  startup_stm32f446xx.o(.text)
    EXTI2_IRQHandler                         0x080002bf   Thumb Code     0  startup_stm32f446xx.o(.text)
    EXTI3_IRQHandler                         0x080002bf   Thumb Code     0  startup_stm32f446xx.o(.text)
    EXTI4_IRQHandler                         0x080002bf   Thumb Code     0  startup_stm32f446xx.o(.text)
    EXTI9_5_IRQHandler                       0x080002bf   Thumb Code     0  startup_stm32f446xx.o(.text)
    FLASH_IRQHandler                         0x080002bf   Thumb Code     0  startup_stm32f446xx.o(.text)
    FMC_IRQHandler                           0x080002bf   Thumb Code     0  startup_stm32f446xx.o(.text)
    FMPI2C1_ER_IRQHandler                    0x080002bf   Thumb Code     0  startup_stm32f446xx.o(.text)
    FMPI2C1_EV_IRQHandler                    0x080002bf   Thumb Code     0  startup_stm32f446xx.o(.text)
    FPU_IRQHandler                           0x080002bf   Thumb Code     0  startup_stm32f446xx.o(.text)
    I2C2_ER_IRQHandler                       0x080002bf   Thumb Code     0  startup_stm32f446xx.o(.text)
    I2C2_EV_IRQHandler                       0x080002bf   Thumb Code     0  startup_stm32f446xx.o(.text)
    I2C3_ER_IRQHandler                       0x080002bf   Thumb Code     0  startup_stm32f446xx.o(.text)
    I2C3_EV_IRQHandler                       0x080002bf   Thumb Code     0  startup_stm32f446xx.o(.text)
    OTG_FS_IRQHandler                        0x080002bf   Thumb Code     0  startup_stm32f446xx.o(.text)
    OTG_FS_WKUP_IRQHandler                   0x080002bf   Thumb Code     0  startup_stm32f446xx.o(.text)
    OTG_HS_EP1_IN_IRQHandler                 0x080002bf   Thumb Code     0  startup_stm32f446xx.o(.text)
    OTG_HS_EP1_OUT_IRQHandler                0x080002bf   Thumb Code     0  startup_stm32f446xx.o(.text)
    OTG_HS_IRQHandler                        0x080002bf   Thumb Code     0  startup_stm32f446xx.o(.text)
    OTG_HS_WKUP_IRQHandler                   0x080002bf   Thumb Code     0  startup_stm32f446xx.o(.text)
    PVD_IRQHandler                           0x080002bf   Thumb Code     0  startup_stm32f446xx.o(.text)
    QUADSPI_IRQHandler                       0x080002bf   Thumb Code     0  startup_stm32f446xx.o(.text)
    RCC_IRQHandler                           0x080002bf   Thumb Code     0  startup_stm32f446xx.o(.text)
    RTC_Alarm_IRQHandler                     0x080002bf   Thumb Code     0  startup_stm32f446xx.o(.text)
    RTC_WKUP_IRQHandler                      0x080002bf   Thumb Code     0  startup_stm32f446xx.o(.text)
    SAI1_IRQHandler                          0x080002bf   Thumb Code     0  startup_stm32f446xx.o(.text)
    SAI2_IRQHandler                          0x080002bf   Thumb Code     0  startup_stm32f446xx.o(.text)
    SDIO_IRQHandler                          0x080002bf   Thumb Code     0  startup_stm32f446xx.o(.text)
    SPDIF_RX_IRQHandler                      0x080002bf   Thumb Code     0  startup_stm32f446xx.o(.text)
    SPI1_IRQHandler                          0x080002bf   Thumb Code     0  startup_stm32f446xx.o(.text)
    SPI2_IRQHandler                          0x080002bf   Thumb Code     0  startup_stm32f446xx.o(.text)
    SPI3_IRQHandler                          0x080002bf   Thumb Code     0  startup_stm32f446xx.o(.text)
    SPI4_IRQHandler                          0x080002bf   Thumb Code     0  startup_stm32f446xx.o(.text)
    TAMP_STAMP_IRQHandler                    0x080002bf   Thumb Code     0  startup_stm32f446xx.o(.text)
    TIM1_BRK_TIM9_IRQHandler                 0x080002bf   Thumb Code     0  startup_stm32f446xx.o(.text)
    TIM1_CC_IRQHandler                       0x080002bf   Thumb Code     0  startup_stm32f446xx.o(.text)
    TIM1_TRG_COM_TIM11_IRQHandler            0x080002bf   Thumb Code     0  startup_stm32f446xx.o(.text)
    TIM1_UP_TIM10_IRQHandler                 0x080002bf   Thumb Code     0  startup_stm32f446xx.o(.text)
    TIM2_IRQHandler                          0x080002bf   Thumb Code     0  startup_stm32f446xx.o(.text)
    TIM3_IRQHandler                          0x080002bf   Thumb Code     0  startup_stm32f446xx.o(.text)
    TIM4_IRQHandler                          0x080002bf   Thumb Code     0  startup_stm32f446xx.o(.text)
    TIM5_IRQHandler                          0x080002bf   Thumb Code     0  startup_stm32f446xx.o(.text)
    TIM6_DAC_IRQHandler                      0x080002bf   Thumb Code     0  startup_stm32f446xx.o(.text)
    TIM7_IRQHandler                          0x080002bf   Thumb Code     0  startup_stm32f446xx.o(.text)
    TIM8_BRK_TIM12_IRQHandler                0x080002bf   Thumb Code     0  startup_stm32f446xx.o(.text)
    TIM8_CC_IRQHandler                       0x080002bf   Thumb Code     0  startup_stm32f446xx.o(.text)
    TIM8_UP_TIM13_IRQHandler                 0x080002bf   Thumb Code     0  startup_stm32f446xx.o(.text)
    USART1_IRQHandler                        0x080002bf   Thumb Code     0  startup_stm32f446xx.o(.text)
    USART2_IRQHandler                        0x080002bf   Thumb Code     0  startup_stm32f446xx.o(.text)
    USART3_IRQHandler                        0x080002bf   Thumb Code     0  startup_stm32f446xx.o(.text)
    USART6_IRQHandler                        0x080002bf   Thumb Code     0  startup_stm32f446xx.o(.text)
    WWDG_IRQHandler                          0x080002bf   Thumb Code     0  startup_stm32f446xx.o(.text)
    __user_initial_stackheap                 0x080002c1   Thumb Code     0  startup_stm32f446xx.o(.text)
    __aeabi_uldivmod                         0x080002e5   Thumb Code     0  lludivv7m.o(.text)
    _ll_udiv                                 0x080002e5   Thumb Code   238  lludivv7m.o(.text)
    __aeabi_memclr4                          0x080003d3   Thumb Code     0  rt_memclr_w.o(.text)
    __aeabi_memclr8                          0x080003d3   Thumb Code     0  rt_memclr_w.o(.text)
    __rt_memclr_w                            0x080003d3   Thumb Code    78  rt_memclr_w.o(.text)
    _memset_w                                0x080003d7   Thumb Code     0  rt_memclr_w.o(.text)
    __use_two_region_memory                  0x08000421   Thumb Code     2  heapauxi.o(.text)
    __rt_heap_escrow$2region                 0x08000423   Thumb Code     2  heapauxi.o(.text)
    __rt_heap_expand$2region                 0x08000425   Thumb Code     2  heapauxi.o(.text)
    __user_libspace                          0x08000429   Thumb Code     8  libspace.o(.text)
    __user_perproc_libspace                  0x08000429   Thumb Code     0  libspace.o(.text)
    __user_perthread_libspace                0x08000429   Thumb Code     0  libspace.o(.text)
    __user_setup_stackheap                   0x08000431   Thumb Code    74  sys_stackheap_outer.o(.text)
    exit                                     0x0800047b   Thumb Code    18  exit.o(.text)
    _sys_exit                                0x0800048d   Thumb Code     8  sys_exit.o(.text)
    __I$use$semihosting                      0x08000499   Thumb Code     0  use_no_semi.o(.text)
    __use_no_semihosting_swi                 0x08000499   Thumb Code     2  use_no_semi.o(.text)
    __semihosting_library_function           0x0800049b   Thumb Code     0  indicate_semi.o(.text)
    Absolute_Position_Reception              0x0800049d   Thumb Code    58  main.o(i.Absolute_Position_Reception)
    BusFault_Handler                         0x080004e5   Thumb Code     2  stm32f4xx_it.o(i.BusFault_Handler)
    CAN1_RX0_IRQHandler                      0x080004e9   Thumb Code     6  stm32f4xx_it.o(i.CAN1_RX0_IRQHandler)
    CAN1_RX1_IRQHandler                      0x080004f5   Thumb Code     6  stm32f4xx_it.o(i.CAN1_RX1_IRQHandler)
    CAN2_RX0_IRQHandler                      0x08000501   Thumb Code     6  stm32f4xx_it.o(i.CAN2_RX0_IRQHandler)
    CAN2_RX1_IRQHandler                      0x0800050d   Thumb Code     6  stm32f4xx_it.o(i.CAN2_RX1_IRQHandler)
    CAN_Reception                            0x08000519   Thumb Code    50  main.o(i.CAN_Reception)
    CAN_SPI_READ                             0x08000551   Thumb Code    10  main.o(i.CAN_SPI_READ)
    DebugMon_Handler                         0x0800055b   Thumb Code     2  stm32f4xx_it.o(i.DebugMon_Handler)
    Drives_Error_Check                       0x0800055d   Thumb Code    30  main.o(i.Drives_Error_Check)
    HAL_CAN_ActivateNotification             0x08000585   Thumb Code    36  stm32f4xx_hal_can.o(i.HAL_CAN_ActivateNotification)
    HAL_CAN_AddTxMessage                     0x080005a9   Thumb Code   220  stm32f4xx_hal_can.o(i.HAL_CAN_AddTxMessage)
    HAL_CAN_ConfigFilter                     0x08000685   Thumb Code   262  stm32f4xx_hal_can.o(i.HAL_CAN_ConfigFilter)
    HAL_CAN_ErrorCallback                    0x08000791   Thumb Code     2  stm32f4xx_hal_can.o(i.HAL_CAN_ErrorCallback)
    HAL_CAN_GetRxMessage                     0x08000793   Thumb Code   232  stm32f4xx_hal_can.o(i.HAL_CAN_GetRxMessage)
    HAL_CAN_IRQHandler                       0x0800087b   Thumb Code   508  stm32f4xx_hal_can.o(i.HAL_CAN_IRQHandler)
    HAL_CAN_Init                             0x08000a77   Thumb Code   282  stm32f4xx_hal_can.o(i.HAL_CAN_Init)
    HAL_CAN_MspInit                          0x08000b91   Thumb Code   272  stm32f4xx_hal_msp.o(i.HAL_CAN_MspInit)
    HAL_CAN_RxFifo0FullCallback              0x08000cb5   Thumb Code     2  stm32f4xx_hal_can.o(i.HAL_CAN_RxFifo0FullCallback)
    HAL_CAN_RxFifo0MsgPendingCallback        0x08000cb9   Thumb Code   506  main.o(i.HAL_CAN_RxFifo0MsgPendingCallback)
    HAL_CAN_RxFifo1FullCallback              0x08000ec1   Thumb Code     2  stm32f4xx_hal_can.o(i.HAL_CAN_RxFifo1FullCallback)
    HAL_CAN_RxFifo1MsgPendingCallback        0x08000ec3   Thumb Code     2  stm32f4xx_hal_can.o(i.HAL_CAN_RxFifo1MsgPendingCallback)
    HAL_CAN_SleepCallback                    0x08000ec5   Thumb Code     2  stm32f4xx_hal_can.o(i.HAL_CAN_SleepCallback)
    HAL_CAN_Start                            0x08000ec9   Thumb Code    88  stm32f4xx_hal_can.o(i.HAL_CAN_Start)
    HAL_CAN_TxMailbox0AbortCallback          0x08000f21   Thumb Code     2  stm32f4xx_hal_can.o(i.HAL_CAN_TxMailbox0AbortCallback)
    HAL_CAN_TxMailbox0CompleteCallback       0x08000f23   Thumb Code     2  stm32f4xx_hal_can.o(i.HAL_CAN_TxMailbox0CompleteCallback)
    HAL_CAN_TxMailbox1AbortCallback          0x08000f25   Thumb Code     2  stm32f4xx_hal_can.o(i.HAL_CAN_TxMailbox1AbortCallback)
    HAL_CAN_TxMailbox1CompleteCallback       0x08000f27   Thumb Code     2  stm32f4xx_hal_can.o(i.HAL_CAN_TxMailbox1CompleteCallback)
    HAL_CAN_TxMailbox2AbortCallback          0x08000f29   Thumb Code     2  stm32f4xx_hal_can.o(i.HAL_CAN_TxMailbox2AbortCallback)
    HAL_CAN_TxMailbox2CompleteCallback       0x08000f2b   Thumb Code     2  stm32f4xx_hal_can.o(i.HAL_CAN_TxMailbox2CompleteCallback)
    HAL_CAN_WakeUpFromRxMsgCallback          0x08000f2d   Thumb Code     2  stm32f4xx_hal_can.o(i.HAL_CAN_WakeUpFromRxMsgCallback)
    HAL_DMA_Abort                            0x08000f2f   Thumb Code   146  stm32f4xx_hal_dma.o(i.HAL_DMA_Abort)
    HAL_DMA_Abort_IT                         0x08000fc1   Thumb Code    36  stm32f4xx_hal_dma.o(i.HAL_DMA_Abort_IT)
    HAL_DMA_GetState                         0x08000fe5   Thumb Code     6  stm32f4xx_hal_dma.o(i.HAL_DMA_GetState)
    HAL_Delay                                0x08000fed   Thumb Code    32  stm32f4xx_hal.o(i.HAL_Delay)
    HAL_GPIO_Init                            0x08001011   Thumb Code   436  stm32f4xx_hal_gpio.o(i.HAL_GPIO_Init)
    HAL_GPIO_ReadPin                         0x080011ed   Thumb Code    10  stm32f4xx_hal_gpio.o(i.HAL_GPIO_ReadPin)
    HAL_GPIO_WritePin                        0x080011f7   Thumb Code    10  stm32f4xx_hal_gpio.o(i.HAL_GPIO_WritePin)
    HAL_GetTick                              0x08001201   Thumb Code     6  stm32f4xx_hal.o(i.HAL_GetTick)
    HAL_I2C_AbortCpltCallback                0x0800120d   Thumb Code     2  stm32f4xx_hal_i2c.o(i.HAL_I2C_AbortCpltCallback)
    HAL_I2C_AddrCallback                     0x0800120f   Thumb Code     2  stm32f4xx_hal_i2c.o(i.HAL_I2C_AddrCallback)
    HAL_I2C_ER_IRQHandler                    0x08001211   Thumb Code   186  stm32f4xx_hal_i2c.o(i.HAL_I2C_ER_IRQHandler)
    HAL_I2C_EV_IRQHandler                    0x080012cb   Thumb Code   560  stm32f4xx_hal_i2c.o(i.HAL_I2C_EV_IRQHandler)
    HAL_I2C_ErrorCallback                    0x080014fb   Thumb Code     2  stm32f4xx_hal_i2c.o(i.HAL_I2C_ErrorCallback)
    HAL_I2C_Init                             0x080014fd   Thumb Code   376  stm32f4xx_hal_i2c.o(i.HAL_I2C_Init)
    HAL_I2C_ListenCpltCallback               0x08001685   Thumb Code     2  stm32f4xx_hal_i2c.o(i.HAL_I2C_ListenCpltCallback)
    HAL_I2C_MasterRxCpltCallback             0x08001687   Thumb Code     2  stm32f4xx_hal_i2c.o(i.HAL_I2C_MasterRxCpltCallback)
    HAL_I2C_MasterTxCpltCallback             0x08001689   Thumb Code     2  stm32f4xx_hal_i2c.o(i.HAL_I2C_MasterTxCpltCallback)
    HAL_I2C_MemRxCpltCallback                0x0800168b   Thumb Code     2  stm32f4xx_hal_i2c.o(i.HAL_I2C_MemRxCpltCallback)
    HAL_I2C_MemTxCpltCallback                0x0800168d   Thumb Code     2  stm32f4xx_hal_i2c.o(i.HAL_I2C_MemTxCpltCallback)
    HAL_I2C_MspInit                          0x08001691   Thumb Code   124  stm32f4xx_hal_msp.o(i.HAL_I2C_MspInit)
    HAL_I2C_SlaveRxCpltCallback              0x08001719   Thumb Code     2  stm32f4xx_hal_i2c.o(i.HAL_I2C_SlaveRxCpltCallback)
    HAL_I2C_SlaveTxCpltCallback              0x0800171b   Thumb Code     2  stm32f4xx_hal_i2c.o(i.HAL_I2C_SlaveTxCpltCallback)
    HAL_IncTick                              0x0800171d   Thumb Code    12  stm32f4xx_hal.o(i.HAL_IncTick)
    HAL_Init                                 0x0800172d   Thumb Code    48  stm32f4xx_hal.o(i.HAL_Init)
    HAL_InitTick                             0x08001761   Thumb Code    54  stm32f4xx_hal.o(i.HAL_InitTick)
    HAL_MspInit                              0x080017a1   Thumb Code    42  stm32f4xx_hal_msp.o(i.HAL_MspInit)
    HAL_NVIC_EnableIRQ                       0x080017d1   Thumb Code    26  stm32f4xx_hal_cortex.o(i.HAL_NVIC_EnableIRQ)
    HAL_NVIC_SetPriority                     0x080017ed   Thumb Code    60  stm32f4xx_hal_cortex.o(i.HAL_NVIC_SetPriority)
    HAL_NVIC_SetPriorityGrouping             0x0800182d   Thumb Code    26  stm32f4xx_hal_cortex.o(i.HAL_NVIC_SetPriorityGrouping)
    HAL_PWREx_EnableOverDrive                0x08001851   Thumb Code    98  stm32f4xx_hal_pwr_ex.o(i.HAL_PWREx_EnableOverDrive)
    HAL_RCC_ClockConfig                      0x080018c1   Thumb Code   288  stm32f4xx_hal_rcc.o(i.HAL_RCC_ClockConfig)
    HAL_RCC_GetPCLK1Freq                     0x080019f5   Thumb Code    20  stm32f4xx_hal_rcc.o(i.HAL_RCC_GetPCLK1Freq)
    HAL_RCC_GetPCLK2Freq                     0x08001a15   Thumb Code    20  stm32f4xx_hal_rcc.o(i.HAL_RCC_GetPCLK2Freq)
    HAL_RCC_GetSysClockFreq                  0x08001a35   Thumb Code   140  stm32f4xx_hal_rcc_ex.o(i.HAL_RCC_GetSysClockFreq)
    HAL_RCC_OscConfig                        0x08001ac9   Thumb Code   900  stm32f4xx_hal_rcc_ex.o(i.HAL_RCC_OscConfig)
    HAL_SYSTICK_Config                       0x08001e61   Thumb Code    40  stm32f4xx_hal_cortex.o(i.HAL_SYSTICK_Config)
    HAL_TIMEx_BreakCallback                  0x08001e89   Thumb Code     2  stm32f4xx_hal_tim_ex.o(i.HAL_TIMEx_BreakCallback)
    HAL_TIMEx_CommutCallback                 0x08001e8b   Thumb Code     2  stm32f4xx_hal_tim_ex.o(i.HAL_TIMEx_CommutCallback)
    HAL_TIM_Base_Init                        0x08001e8d   Thumb Code    90  stm32f4xx_hal_tim.o(i.HAL_TIM_Base_Init)
    HAL_TIM_Base_MspInit                     0x08001ee9   Thumb Code    50  stm32f4xx_hal_msp.o(i.HAL_TIM_Base_MspInit)
    HAL_TIM_IC_CaptureCallback               0x08001f25   Thumb Code     2  stm32f4xx_hal_tim.o(i.HAL_TIM_IC_CaptureCallback)
    HAL_TIM_IRQHandler                       0x08001f27   Thumb Code   358  stm32f4xx_hal_tim.o(i.HAL_TIM_IRQHandler)
    HAL_TIM_OC_DelayElapsedCallback          0x0800208d   Thumb Code     2  stm32f4xx_hal_tim.o(i.HAL_TIM_OC_DelayElapsedCallback)
    HAL_TIM_PWM_PulseFinishedCallback        0x0800208f   Thumb Code     2  stm32f4xx_hal_tim.o(i.HAL_TIM_PWM_PulseFinishedCallback)
    HAL_TIM_PeriodElapsedCallback            0x08002091   Thumb Code     2  stm32f4xx_hal_tim.o(i.HAL_TIM_PeriodElapsedCallback)
    HAL_TIM_TriggerCallback                  0x08002093   Thumb Code     2  stm32f4xx_hal_tim.o(i.HAL_TIM_TriggerCallback)
    HAL_UARTEx_RxEventCallback               0x08002095   Thumb Code     2  stm32f4xx_hal_uart.o(i.HAL_UARTEx_RxEventCallback)
    HAL_UART_ErrorCallback                   0x08002097   Thumb Code     2  stm32f4xx_hal_uart.o(i.HAL_UART_ErrorCallback)
    HAL_UART_IRQHandler                      0x08002099   Thumb Code   610  stm32f4xx_hal_uart.o(i.HAL_UART_IRQHandler)
    HAL_UART_Init                            0x08002301   Thumb Code    98  stm32f4xx_hal_uart.o(i.HAL_UART_Init)
    HAL_UART_MspInit                         0x08002365   Thumb Code   214  stm32f4xx_hal_msp.o(i.HAL_UART_MspInit)
    HAL_UART_Receive_IT                      0x08002455   Thumb Code    42  stm32f4xx_hal_uart.o(i.HAL_UART_Receive_IT)
    HAL_UART_RxCpltCallback                  0x08002481   Thumb Code    54  main.o(i.HAL_UART_RxCpltCallback)
    HAL_UART_TxCpltCallback                  0x080024cd   Thumb Code     2  stm32f4xx_hal_uart.o(i.HAL_UART_TxCpltCallback)
    HardFault_Handler                        0x080024cf   Thumb Code     2  stm32f4xx_it.o(i.HardFault_Handler)
    I2C1_ER_IRQHandler                       0x080024d1   Thumb Code     6  stm32f4xx_it.o(i.I2C1_ER_IRQHandler)
    I2C1_EV_IRQHandler                       0x080024dd   Thumb Code     6  stm32f4xx_it.o(i.I2C1_EV_IRQHandler)
    Joystick_Reception                       0x08002e61   Thumb Code    78  main.o(i.Joystick_Reception)
    MemManage_Handler                        0x08002fd9   Thumb Code     2  stm32f4xx_it.o(i.MemManage_Handler)
    NMI_Handler                              0x08002fdb   Thumb Code     2  stm32f4xx_it.o(i.NMI_Handler)
    New_Sensor_Pos                           0x08002fdd   Thumb Code   138  main.o(i.New_Sensor_Pos)
    PendSV_Handler                           0x08003089   Thumb Code     2  stm32f4xx_it.o(i.PendSV_Handler)
    SVC_Handler                              0x0800308b   Thumb Code     2  stm32f4xx_it.o(i.SVC_Handler)
    Start_Calibration_For                    0x0800308d   Thumb Code    64  main.o(i.Start_Calibration_For)
    SysTick_Handler                          0x080030d5   Thumb Code     4  stm32f4xx_it.o(i.SysTick_Handler)
    SystemClock_Config                       0x080030d9   Thumb Code   152  main.o(i.SystemClock_Config)
    SystemInit                               0x08003179   Thumb Code    12  system_stm32f4xx.o(i.SystemInit)
    TIM8_TRG_COM_TIM14_IRQHandler            0x08003189   Thumb Code     6  stm32f4xx_it.o(i.TIM8_TRG_COM_TIM14_IRQHandler)
    TIM_Base_SetConfig                       0x08003195   Thumb Code   156  stm32f4xx_hal_tim.o(i.TIM_Base_SetConfig)
    UART4_IRQHandler                         0x0800325d   Thumb Code     6  stm32f4xx_it.o(i.UART4_IRQHandler)
    UART5_IRQHandler                         0x08003269   Thumb Code     6  stm32f4xx_it.o(i.UART5_IRQHandler)
    UART_Start_Receive_IT                    0x080034a1   Thumb Code    58  stm32f4xx_hal_uart.o(i.UART_Start_Receive_IT)
    UsageFault_Handler                       0x080034db   Thumb Code     2  stm32f4xx_it.o(i.UsageFault_Handler)
    main                                     0x080034fd   Thumb Code   294  main.o(i.main)
    __aeabi_d2f                              0x08003649   Thumb Code     0  d2f.o(x$fpl$d2f)
    _d2f                                     0x08003649   Thumb Code    98  d2f.o(x$fpl$d2f)
    __aeabi_dadd                             0x080036ad   Thumb Code     0  daddsub_clz.o(x$fpl$dadd)
    _dadd                                    0x080036ad   Thumb Code   332  daddsub_clz.o(x$fpl$dadd)
    __fpl_dcmp_Inf                           0x080037fd   Thumb Code    24  dcmpi.o(x$fpl$dcmpinf)
    __aeabi_ui2d                             0x08003815   Thumb Code     0  dflt_clz.o(x$fpl$dfltu)
    _dfltu                                   0x08003815   Thumb Code    38  dflt_clz.o(x$fpl$dfltu)
    __aeabi_cdcmple                          0x0800383d   Thumb Code     0  dleqf.o(x$fpl$dleqf)
    _dcmple                                  0x0800383d   Thumb Code   120  dleqf.o(x$fpl$dleqf)
    __fpl_dcmple_InfNaN                      0x0800389f   Thumb Code     0  dleqf.o(x$fpl$dleqf)
    __aeabi_dmul                             0x080038b5   Thumb Code     0  dmul.o(x$fpl$dmul)
    _dmul                                    0x080038b5   Thumb Code   332  dmul.o(x$fpl$dmul)
    __fpl_dnaninf                            0x08003a09   Thumb Code   156  dnaninf.o(x$fpl$dnaninf)
    __fpl_dretinf                            0x08003aa5   Thumb Code    12  dretinf.o(x$fpl$dretinf)
    __aeabi_cdrcmple                         0x08003ab1   Thumb Code     0  drleqf.o(x$fpl$drleqf)
    _drcmple                                 0x08003ab1   Thumb Code   108  drleqf.o(x$fpl$drleqf)
    __aeabi_dsub                             0x08003b1d   Thumb Code     0  daddsub_clz.o(x$fpl$dsub)
    _dsub                                    0x08003b1d   Thumb Code   464  daddsub_clz.o(x$fpl$dsub)
    __aeabi_f2d                              0x08003cf1   Thumb Code     0  f2d.o(x$fpl$f2d)
    _f2d                                     0x08003cf1   Thumb Code    86  f2d.o(x$fpl$f2d)
    __fpl_fnaninf                            0x08003d47   Thumb Code   140  fnaninf.o(x$fpl$fnaninf)
    _fp_init                                 0x08003dd3   Thumb Code    10  fpinit.o(x$fpl$fpinit)
    __fplib_config_fpu_vfp                   0x08003ddb   Thumb Code     0  fpinit.o(x$fpl$fpinit)
    __fplib_config_pureend_doubles           0x08003ddb   Thumb Code     0  fpinit.o(x$fpl$fpinit)
    __fpl_fretinf                            0x08003ddd   Thumb Code    10  fretinf.o(x$fpl$fretinf)
    AHBPrescTable                            0x08003de6   Data          16  system_stm32f4xx.o(.constdata)
    __I$use$fp                               0x08003de6   Number         0  usenofp.o(x$fpl$usenofp)
    APBPrescTable                            0x08003df6   Data           8  system_stm32f4xx.o(.constdata)
    Region$$Table$$Base                      0x08003e00   Number         0  anon$$obj.o(Region$$Table)
    Region$$Table$$Limit                     0x08003e20   Number         0  anon$$obj.o(Region$$Table)
    BT_State                                 0x20000000   Data           1  main.o(.data)
    Mode                                     0x20000001   Data           1  main.o(.data)
    Speed                                    0x20000002   Data           1  main.o(.data)
    Shearing                                 0x20000003   Data           1  main.o(.data)
    Joystick                                 0x20000004   Data           1  main.o(.data)
    Steering_Mode                            0x20000005   Data           1  main.o(.data)
    Pot_Angle                                0x20000006   Data           1  main.o(.data)
    Joystick_Temp                            0x20000007   Data           1  main.o(.data)
    Shearing_Temp                            0x20000008   Data           1  main.o(.data)
    cantest                                  0x20000009   Data           1  main.o(.data)
    BT_Count                                 0x2000000a   Data           1  main.o(.data)
    ux_fail                                  0x2000000b   Data           1  main.o(.data)
    Idle_Wheels                              0x2000000c   Data           1  main.o(.data)
    L_Arm                                    0x2000000d   Data           1  main.o(.data)
    R_Arm                                    0x2000000e   Data           1  main.o(.data)
    P_Arm                                    0x2000000f   Data           1  main.o(.data)
    Flap_Sensed                              0x20000010   Data           1  main.o(.data)
    Switch_Shearing                          0x20000011   Data           1  main.o(.data)
    Sensing_Switch                           0x20000012   Data           1  main.o(.data)
    Shearing_Sensed                          0x20000013   Data           1  main.o(.data)
    ARM_BOUNDARY                             0x20000014   Data           1  main.o(.data)
    Flap_Sensed_Temp                         0x20000015   Data           1  main.o(.data)
    DRIVES_NO_ERROR_FLAG                     0x20000016   Data           1  main.o(.data)
    Front_Left_Bush                          0x20000017   Data           1  main.o(.data)
    Front_Right_Bush                         0x20000018   Data           1  main.o(.data)
    Front_Bushes_Sensed                      0x20000019   Data           1  main.o(.data)
    First_Sense                              0x2000001a   Data           1  main.o(.data)
    Rear_Bush                                0x2000001b   Data           1  main.o(.data)
    Prev_Joystick                            0x2000001c   Data           1  main.o(.data)
    Received_Node_Id                         0x2000001e   Data           2  main.o(.data)
    Received_Command_Id                      0x20000020   Data           2  main.o(.data)
    Left_Arm_Raw                             0x20000022   Data           2  main.o(.data)
    Right_Arm_Raw                            0x20000024   Data           2  main.o(.data)
    Pitch_Arm_Raw                            0x20000026   Data           2  main.o(.data)
    LA_Home_Pos                              0x20000028   Data           2  main.o(.data)
    RA_Home_Pos                              0x2000002a   Data           2  main.o(.data)
    PA_Home_Pos                              0x2000002c   Data           2  main.o(.data)
    Left_Enc_Zero_Pos                        0x2000002e   Data           2  main.o(.data)
    Right_Enc_Zero_Pos                       0x20000030   Data           2  main.o(.data)
    Pitch_Enc_Zero_Pos                       0x20000032   Data           2  main.o(.data)
    Flap_Enc_Zero_Pos                        0x20000034   Data           2  main.o(.data)
    FL_Home_Pos                              0x20000036   Data           2  main.o(.data)
    Left_Encoder_Conv                        0x20000038   Data           2  main.o(.data)
    Right_Encoder_Conv                       0x2000003a   Data           2  main.o(.data)
    Pitch_Encoder_Conv                       0x2000003c   Data           2  main.o(.data)
    Flap_Encoder_Conv                        0x2000003e   Data           2  main.o(.data)
    LA_value                                 0x20000040   Data           2  main.o(.data)
    RA_value                                 0x20000042   Data           2  main.o(.data)
    PA_value                                 0x20000044   Data           2  main.o(.data)
    print                                    0x20000048   Data           4  main.o(.data)
    Vel_Limit                                0x2000004c   Data           4  main.o(.data)
    Vel_Limit_Temp                           0x20000050   Data           4  main.o(.data)
    Torque                                   0x20000054   Data           4  main.o(.data)
    Prev_Torque                              0x20000058   Data           4  main.o(.data)
    Prev_Vel_Limit                           0x2000005c   Data           4  main.o(.data)
    Joy_New_Temp                             0x20000060   Data           4  main.o(.data)
    Turn_Ratio                               0x20000064   Data           4  main.o(.data)
    Reduced_Speed                            0x20000068   Data           4  main.o(.data)
    Turn_Temp                                0x2000006c   Data           4  main.o(.data)
    Reduced_Speed_Temp                       0x20000070   Data           4  main.o(.data)
    Left_Vel_Limit                           0x20000074   Data           4  main.o(.data)
    Right_Vel_Limit                          0x20000078   Data           4  main.o(.data)
    Left_Vel_Limit_Temp                      0x2000007c   Data           4  main.o(.data)
    Right_Vel_Limit_Temp                     0x20000080   Data           4  main.o(.data)
    L_Arm_Speed                              0x20000084   Data           4  main.o(.data)
    R_Arm_Speed                              0x20000088   Data           4  main.o(.data)
    L_Arm_Speed_Temp                         0x2000008c   Data           4  main.o(.data)
    R_Arm_Speed_Temp                         0x20000090   Data           4  main.o(.data)
    Pitch_Arm_Speed                          0x20000094   Data           4  main.o(.data)
    Pitch_Arm_Speed_Temp                     0x20000098   Data           4  main.o(.data)
    L_Arms_Speed                             0x2000009c   Data           4  main.o(.data)
    Tri_Arm_Speed                            0x200000a0   Data           4  main.o(.data)
    Left_Arm_Error                           0x200000a4   Data           4  main.o(.data)
    Right_Arm_Error                          0x200000a8   Data           4  main.o(.data)
    Pitch_Arms_Error                         0x200000ac   Data           4  main.o(.data)
    Left_Target                              0x200000b0   Data           4  main.o(.data)
    Right_Target                             0x200000b4   Data           4  main.o(.data)
    Pitch_Target                             0x200000b8   Data           4  main.o(.data)
    Left_Arm                                 0x200000bc   Data           4  main.o(.data)
    Right_Arm                                0x200000c0   Data           4  main.o(.data)
    Pitch_Arm                                0x200000c4   Data           4  main.o(.data)
    Volt                                     0x200000c8   Data           4  main.o(.data)
    Macro_Speed                              0x200000cc   Data           4  main.o(.data)
    Width_Speed                              0x200000d0   Data           4  main.o(.data)
    Width_Speed_Temp                         0x200000d4   Data           4  main.o(.data)
    Left_Macro_Speed                         0x200000d8   Data           4  main.o(.data)
    Right_Macro_Speed                        0x200000dc   Data           4  main.o(.data)
    Left_Macro_Speed_Temp                    0x200000e0   Data           4  main.o(.data)
    Right_Macro_Speed_Temp                   0x200000e4   Data           4  main.o(.data)
    FL_Angle                                 0x200000e8   Data           4  main.o(.data)
    FR_Angle                                 0x200000ec   Data           4  main.o(.data)
    RL_Angle                                 0x200000f0   Data           4  main.o(.data)
    RR_Angle                                 0x200000f4   Data           4  main.o(.data)
    Flaps_Target                             0x200000f8   Data           4  main.o(.data)
    Sensed_Count                             0x200000fc   Data           4  main.o(.data)
    Flap_Kp                                  0x20000100   Data           4  main.o(.data)
    Flap_Error                               0x20000104   Data           4  main.o(.data)
    FL_Raw                                   0x20000108   Data           4  main.o(.data)
    Left_Arm_Motor_Count                     0x2000010c   Data           4  main.o(.data)
    Right_Arm_Motor_Count                    0x20000110   Data           4  main.o(.data)
    Right_Arm_Motor_Value                    0x20000114   Data           4  main.o(.data)
    Left_Arm_Motor_Value                     0x20000118   Data           4  main.o(.data)
    Pitch_Arm_Motor_Count                    0x2000011c   Data           4  main.o(.data)
    Pitch_Arm_Motor_Value                    0x20000120   Data           4  main.o(.data)
    Front_Arms_Speed                         0x20000124   Data           4  main.o(.data)
    Front_Arms_Speed_Temp                    0x20000128   Data           4  main.o(.data)
    P_Arm_Speed                              0x2000012c   Data           4  main.o(.data)
    P_Arm_Speed_Temp                         0x20000130   Data           4  main.o(.data)
    TxMailbox                                0x20000134   Data           4  main.o(.data)
    Left_Encoder                             0x20000138   Data           4  main.o(.data)
    Right_Encoder                            0x2000013c   Data           4  main.o(.data)
    Pitch_Encoder                            0x20000140   Data           4  main.o(.data)
    Flap_Encoder                             0x20000144   Data           4  main.o(.data)
    Left_Encoder_Conv_Angle                  0x20000148   Data           4  main.o(.data)
    Right_Encoder_Conv_Angle                 0x2000014c   Data           4  main.o(.data)
    Pitch_Encoder_Conv_Angle                 0x20000150   Data           4  main.o(.data)
    Flap_Encoder_Conv_Angle                  0x20000154   Data           4  main.o(.data)
    TxData                                   0x20000158   Data           8  main.o(.data)
    RxData                                   0x20000160   Data           8  main.o(.data)
    RxBuff                                   0x20000168   Data           8  main.o(.data)
    BT_Rx                                    0x20000170   Data           8  main.o(.data)
    Enc_Rx                                   0x20000178   Data           8  main.o(.data)
    uwTickFreq                               0x20000184   Data           1  stm32f4xx_hal.o(.data)
    uwTickPrio                               0x20000188   Data           4  stm32f4xx_hal.o(.data)
    uwTick                                   0x2000018c   Data           4  stm32f4xx_hal.o(.data)
    SystemCoreClock                          0x20000190   Data           4  system_stm32f4xx.o(.data)
    hcan1                                    0x20000194   Data          40  main.o(.bss)
    hcan2                                    0x200001bc   Data          40  main.o(.bss)
    hi2c1                                    0x200001e4   Data          84  main.o(.bss)
    htim14                                   0x20000238   Data          72  main.o(.bss)
    huart4                                   0x20000280   Data          68  main.o(.bss)
    huart5                                   0x200002c4   Data          68  main.o(.bss)
    TxHeader                                 0x20000308   Data          24  main.o(.bss)
    RxHeader                                 0x20000320   Data          28  main.o(.bss)
    Node_Id                                  0x2000033c   Data          42  main.o(.bss)
    Motor_Velocity                           0x20000368   Data          80  main.o(.bss)
    Motor_Error                              0x200003b8   Data          20  main.o(.bss)
    Encoder_Error                            0x200003cc   Data          20  main.o(.bss)
    Motor_Current                            0x200003e0   Data          20  main.o(.bss)
    Axis_State                               0x200003f4   Data          20  main.o(.bss)
    Absolute_Position                        0x20000408   Data          80  main.o(.bss)
    Read_Value                               0x20000458   Data          28  main.o(.bss)
    Write_Value                              0x20000474   Data          28  main.o(.bss)
    __libspace_start                         0x20000490   Data          96  libspace.o(.bss)
    __temporary_stack_top$libspace           0x200004f0   Data           0  libspace.o(.bss)



==============================================================================

Memory Map of the image

  Image Entry point : 0x080001c5

  Load Region LR_IROM1 (Base: 0x08000000, Size: 0x00003fb4, Max: 0x00080000, ABSOLUTE, COMPRESSED[0x00003e6c])

    Execution Region ER_IROM1 (Exec base: 0x08000000, Load base: 0x08000000, Size: 0x00003e20, Max: 0x00080000, ABSOLUTE)

    Exec Addr    Load Addr    Size         Type   Attr      Idx    E Section Name        Object

    0x08000000   0x08000000   0x000001c4   Data   RO            3    RESET               startup_stm32f446xx.o
    0x080001c4   0x080001c4   0x00000008   Code   RO         4017  * !!!main             c_w.l(__main.o)
    0x080001cc   0x080001cc   0x00000034   Code   RO         4273    !!!scatter          c_w.l(__scatter.o)
    0x08000200   0x08000200   0x0000005a   Code   RO         4271    !!dczerorl2         c_w.l(__dczerorl2.o)
    0x0800025a   0x0800025a   0x00000002   PAD
    0x0800025c   0x0800025c   0x0000001c   Code   RO         4275    !!handler_zi        c_w.l(__scatter_zi.o)
    0x08000278   0x08000278   0x00000002   Code   RO         4142    .ARM.Collect$$libinit$$00000000  c_w.l(libinit.o)
    0x0800027a   0x0800027a   0x00000004   Code   RO         4151    .ARM.Collect$$libinit$$00000001  c_w.l(libinit2.o)
    0x0800027e   0x0800027e   0x00000000   Code   RO         4154    .ARM.Collect$$libinit$$00000004  c_w.l(libinit2.o)
    0x0800027e   0x0800027e   0x00000000   Code   RO         4157    .ARM.Collect$$libinit$$0000000A  c_w.l(libinit2.o)
    0x0800027e   0x0800027e   0x00000000   Code   RO         4159    .ARM.Collect$$libinit$$0000000C  c_w.l(libinit2.o)
    0x0800027e   0x0800027e   0x00000000   Code   RO         4161    .ARM.Collect$$libinit$$0000000E  c_w.l(libinit2.o)
    0x0800027e   0x0800027e   0x00000000   Code   RO         4164    .ARM.Collect$$libinit$$00000011  c_w.l(libinit2.o)
    0x0800027e   0x0800027e   0x00000000   Code   RO         4166    .ARM.Collect$$libinit$$00000013  c_w.l(libinit2.o)
    0x0800027e   0x0800027e   0x00000000   Code   RO         4168    .ARM.Collect$$libinit$$00000015  c_w.l(libinit2.o)
    0x0800027e   0x0800027e   0x00000000   Code   RO         4170    .ARM.Collect$$libinit$$00000017  c_w.l(libinit2.o)
    0x0800027e   0x0800027e   0x00000000   Code   RO         4172    .ARM.Collect$$libinit$$00000019  c_w.l(libinit2.o)
    0x0800027e   0x0800027e   0x00000000   Code   RO         4174    .ARM.Collect$$libinit$$0000001B  c_w.l(libinit2.o)
    0x0800027e   0x0800027e   0x00000000   Code   RO         4176    .ARM.Collect$$libinit$$0000001D  c_w.l(libinit2.o)
    0x0800027e   0x0800027e   0x00000000   Code   RO         4178    .ARM.Collect$$libinit$$0000001F  c_w.l(libinit2.o)
    0x0800027e   0x0800027e   0x00000000   Code   RO         4180    .ARM.Collect$$libinit$$00000021  c_w.l(libinit2.o)
    0x0800027e   0x0800027e   0x00000000   Code   RO         4182    .ARM.Collect$$libinit$$00000023  c_w.l(libinit2.o)
    0x0800027e   0x0800027e   0x00000000   Code   RO         4184    .ARM.Collect$$libinit$$00000025  c_w.l(libinit2.o)
    0x0800027e   0x0800027e   0x00000000   Code   RO         4188    .ARM.Collect$$libinit$$0000002C  c_w.l(libinit2.o)
    0x0800027e   0x0800027e   0x00000000   Code   RO         4190    .ARM.Collect$$libinit$$0000002E  c_w.l(libinit2.o)
    0x0800027e   0x0800027e   0x00000000   Code   RO         4192    .ARM.Collect$$libinit$$00000030  c_w.l(libinit2.o)
    0x0800027e   0x0800027e   0x00000000   Code   RO         4194    .ARM.Collect$$libinit$$00000032  c_w.l(libinit2.o)
    0x0800027e   0x0800027e   0x00000002   Code   RO         4195    .ARM.Collect$$libinit$$00000033  c_w.l(libinit2.o)
    0x08000280   0x08000280   0x00000002   Code   RO         4226    .ARM.Collect$$libshutdown$$00000000  c_w.l(libshutdown.o)
    0x08000282   0x08000282   0x00000000   Code   RO         4252    .ARM.Collect$$libshutdown$$00000002  c_w.l(libshutdown2.o)
    0x08000282   0x08000282   0x00000000   Code   RO         4254    .ARM.Collect$$libshutdown$$00000004  c_w.l(libshutdown2.o)
    0x08000282   0x08000282   0x00000000   Code   RO         4256    .ARM.Collect$$libshutdown$$00000006  c_w.l(libshutdown2.o)
    0x08000282   0x08000282   0x00000000   Code   RO         4259    .ARM.Collect$$libshutdown$$00000009  c_w.l(libshutdown2.o)
    0x08000282   0x08000282   0x00000000   Code   RO         4262    .ARM.Collect$$libshutdown$$0000000C  c_w.l(libshutdown2.o)
    0x08000282   0x08000282   0x00000000   Code   RO         4264    .ARM.Collect$$libshutdown$$0000000E  c_w.l(libshutdown2.o)
    0x08000282   0x08000282   0x00000000   Code   RO         4267    .ARM.Collect$$libshutdown$$00000011  c_w.l(libshutdown2.o)
    0x08000282   0x08000282   0x00000002   Code   RO         4268    .ARM.Collect$$libshutdown$$00000012  c_w.l(libshutdown2.o)
    0x08000284   0x08000284   0x00000000   Code   RO         4063    .ARM.Collect$$rtentry$$00000000  c_w.l(__rtentry.o)
    0x08000284   0x08000284   0x00000000   Code   RO         4105    .ARM.Collect$$rtentry$$00000002  c_w.l(__rtentry2.o)
    0x08000284   0x08000284   0x00000006   Code   RO         4117    .ARM.Collect$$rtentry$$00000004  c_w.l(__rtentry4.o)
    0x0800028a   0x0800028a   0x00000000   Code   RO         4107    .ARM.Collect$$rtentry$$00000009  c_w.l(__rtentry2.o)
    0x0800028a   0x0800028a   0x00000004   Code   RO         4108    .ARM.Collect$$rtentry$$0000000A  c_w.l(__rtentry2.o)
    0x0800028e   0x0800028e   0x00000000   Code   RO         4110    .ARM.Collect$$rtentry$$0000000C  c_w.l(__rtentry2.o)
    0x0800028e   0x0800028e   0x00000008   Code   RO         4111    .ARM.Collect$$rtentry$$0000000D  c_w.l(__rtentry2.o)
    0x08000296   0x08000296   0x00000002   Code   RO         4143    .ARM.Collect$$rtexit$$00000000  c_w.l(rtexit.o)
    0x08000298   0x08000298   0x00000000   Code   RO         4199    .ARM.Collect$$rtexit$$00000002  c_w.l(rtexit2.o)
    0x08000298   0x08000298   0x00000004   Code   RO         4200    .ARM.Collect$$rtexit$$00000003  c_w.l(rtexit2.o)
    0x0800029c   0x0800029c   0x00000006   Code   RO         4201    .ARM.Collect$$rtexit$$00000004  c_w.l(rtexit2.o)
    0x080002a2   0x080002a2   0x00000002   PAD
    0x080002a4   0x080002a4   0x00000040   Code   RO            4    .text               startup_stm32f446xx.o
    0x080002e4   0x080002e4   0x000000ee   Code   RO         4007    .text               c_w.l(lludivv7m.o)
    0x080003d2   0x080003d2   0x0000004e   Code   RO         4013    .text               c_w.l(rt_memclr_w.o)
    0x08000420   0x08000420   0x00000006   Code   RO         4015    .text               c_w.l(heapauxi.o)
    0x08000426   0x08000426   0x00000002   PAD
    0x08000428   0x08000428   0x00000008   Code   RO         4126    .text               c_w.l(libspace.o)
    0x08000430   0x08000430   0x0000004a   Code   RO         4129    .text               c_w.l(sys_stackheap_outer.o)
    0x0800047a   0x0800047a   0x00000012   Code   RO         4131    .text               c_w.l(exit.o)
    0x0800048c   0x0800048c   0x0000000c   Code   RO         4196    .text               c_w.l(sys_exit.o)
    0x08000498   0x08000498   0x00000002   Code   RO         4215    .text               c_w.l(use_no_semi.o)
    0x0800049a   0x0800049a   0x00000000   Code   RO         4217    .text               c_w.l(indicate_semi.o)
    0x0800049a   0x0800049a   0x00000002   PAD
    0x0800049c   0x0800049c   0x00000048   Code   RO           13    i.Absolute_Position_Reception  main.o
    0x080004e4   0x080004e4   0x00000002   Code   RO          439    i.BusFault_Handler  stm32f4xx_it.o
    0x080004e6   0x080004e6   0x00000002   PAD
    0x080004e8   0x080004e8   0x0000000c   Code   RO          440    i.CAN1_RX0_IRQHandler  stm32f4xx_it.o
    0x080004f4   0x080004f4   0x0000000c   Code   RO          441    i.CAN1_RX1_IRQHandler  stm32f4xx_it.o
    0x08000500   0x08000500   0x0000000c   Code   RO          442    i.CAN2_RX0_IRQHandler  stm32f4xx_it.o
    0x0800050c   0x0800050c   0x0000000c   Code   RO          443    i.CAN2_RX1_IRQHandler  stm32f4xx_it.o
    0x08000518   0x08000518   0x00000038   Code   RO           16    i.CAN_Reception     main.o
    0x08000550   0x08000550   0x0000000a   Code   RO           17    i.CAN_SPI_READ      main.o
    0x0800055a   0x0800055a   0x00000002   Code   RO          444    i.DebugMon_Handler  stm32f4xx_it.o
    0x0800055c   0x0800055c   0x00000028   Code   RO           21    i.Drives_Error_Check  main.o
    0x08000584   0x08000584   0x00000024   Code   RO          711    i.HAL_CAN_ActivateNotification  stm32f4xx_hal_can.o
    0x080005a8   0x080005a8   0x000000dc   Code   RO          712    i.HAL_CAN_AddTxMessage  stm32f4xx_hal_can.o
    0x08000684   0x08000684   0x0000010c   Code   RO          713    i.HAL_CAN_ConfigFilter  stm32f4xx_hal_can.o
    0x08000790   0x08000790   0x00000002   Code   RO          716    i.HAL_CAN_ErrorCallback  stm32f4xx_hal_can.o
    0x08000792   0x08000792   0x000000e8   Code   RO          719    i.HAL_CAN_GetRxMessage  stm32f4xx_hal_can.o
    0x0800087a   0x0800087a   0x000001fc   Code   RO          723    i.HAL_CAN_IRQHandler  stm32f4xx_hal_can.o
    0x08000a76   0x08000a76   0x0000011a   Code   RO          724    i.HAL_CAN_Init      stm32f4xx_hal_can.o
    0x08000b90   0x08000b90   0x00000124   Code   RO          570    i.HAL_CAN_MspInit   stm32f4xx_hal_msp.o
    0x08000cb4   0x08000cb4   0x00000002   Code   RO          731    i.HAL_CAN_RxFifo0FullCallback  stm32f4xx_hal_can.o
    0x08000cb6   0x08000cb6   0x00000002   PAD
    0x08000cb8   0x08000cb8   0x00000208   Code   RO           30    i.HAL_CAN_RxFifo0MsgPendingCallback  main.o
    0x08000ec0   0x08000ec0   0x00000002   Code   RO          733    i.HAL_CAN_RxFifo1FullCallback  stm32f4xx_hal_can.o
    0x08000ec2   0x08000ec2   0x00000002   Code   RO          734    i.HAL_CAN_RxFifo1MsgPendingCallback  stm32f4xx_hal_can.o
    0x08000ec4   0x08000ec4   0x00000002   Code   RO          735    i.HAL_CAN_SleepCallback  stm32f4xx_hal_can.o
    0x08000ec6   0x08000ec6   0x00000002   PAD
    0x08000ec8   0x08000ec8   0x00000058   Code   RO          736    i.HAL_CAN_Start     stm32f4xx_hal_can.o
    0x08000f20   0x08000f20   0x00000002   Code   RO          738    i.HAL_CAN_TxMailbox0AbortCallback  stm32f4xx_hal_can.o
    0x08000f22   0x08000f22   0x00000002   Code   RO          739    i.HAL_CAN_TxMailbox0CompleteCallback  stm32f4xx_hal_can.o
    0x08000f24   0x08000f24   0x00000002   Code   RO          740    i.HAL_CAN_TxMailbox1AbortCallback  stm32f4xx_hal_can.o
    0x08000f26   0x08000f26   0x00000002   Code   RO          741    i.HAL_CAN_TxMailbox1CompleteCallback  stm32f4xx_hal_can.o
    0x08000f28   0x08000f28   0x00000002   Code   RO          742    i.HAL_CAN_TxMailbox2AbortCallback  stm32f4xx_hal_can.o
    0x08000f2a   0x08000f2a   0x00000002   Code   RO          743    i.HAL_CAN_TxMailbox2CompleteCallback  stm32f4xx_hal_can.o
    0x08000f2c   0x08000f2c   0x00000002   Code   RO          745    i.HAL_CAN_WakeUpFromRxMsgCallback  stm32f4xx_hal_can.o
    0x08000f2e   0x08000f2e   0x00000092   Code   RO         1490    i.HAL_DMA_Abort     stm32f4xx_hal_dma.o
    0x08000fc0   0x08000fc0   0x00000024   Code   RO         1491    i.HAL_DMA_Abort_IT  stm32f4xx_hal_dma.o
    0x08000fe4   0x08000fe4   0x00000006   Code   RO         1494    i.HAL_DMA_GetState  stm32f4xx_hal_dma.o
    0x08000fea   0x08000fea   0x00000002   PAD
    0x08000fec   0x08000fec   0x00000024   Code   RO         1927    i.HAL_Delay         stm32f4xx_hal.o
    0x08001010   0x08001010   0x000001dc   Code   RO         1383    i.HAL_GPIO_Init     stm32f4xx_hal_gpio.o
    0x080011ec   0x080011ec   0x0000000a   Code   RO         1385    i.HAL_GPIO_ReadPin  stm32f4xx_hal_gpio.o
    0x080011f6   0x080011f6   0x0000000a   Code   RO         1387    i.HAL_GPIO_WritePin  stm32f4xx_hal_gpio.o
    0x08001200   0x08001200   0x0000000c   Code   RO         1933    i.HAL_GetTick       stm32f4xx_hal.o
    0x0800120c   0x0800120c   0x00000002   Code   RO         2178    i.HAL_I2C_AbortCpltCallback  stm32f4xx_hal_i2c.o
    0x0800120e   0x0800120e   0x00000002   Code   RO         2179    i.HAL_I2C_AddrCallback  stm32f4xx_hal_i2c.o
    0x08001210   0x08001210   0x000000ba   Code   RO         2182    i.HAL_I2C_ER_IRQHandler  stm32f4xx_hal_i2c.o
    0x080012ca   0x080012ca   0x00000230   Code   RO         2183    i.HAL_I2C_EV_IRQHandler  stm32f4xx_hal_i2c.o
    0x080014fa   0x080014fa   0x00000002   Code   RO         2185    i.HAL_I2C_ErrorCallback  stm32f4xx_hal_i2c.o
    0x080014fc   0x080014fc   0x00000188   Code   RO         2189    i.HAL_I2C_Init      stm32f4xx_hal_i2c.o
    0x08001684   0x08001684   0x00000002   Code   RO         2191    i.HAL_I2C_ListenCpltCallback  stm32f4xx_hal_i2c.o
    0x08001686   0x08001686   0x00000002   Code   RO         2192    i.HAL_I2C_MasterRxCpltCallback  stm32f4xx_hal_i2c.o
    0x08001688   0x08001688   0x00000002   Code   RO         2193    i.HAL_I2C_MasterTxCpltCallback  stm32f4xx_hal_i2c.o
    0x0800168a   0x0800168a   0x00000002   Code   RO         2205    i.HAL_I2C_MemRxCpltCallback  stm32f4xx_hal_i2c.o
    0x0800168c   0x0800168c   0x00000002   Code   RO         2206    i.HAL_I2C_MemTxCpltCallback  stm32f4xx_hal_i2c.o
    0x0800168e   0x0800168e   0x00000002   PAD
    0x08001690   0x08001690   0x00000088   Code   RO          572    i.HAL_I2C_MspInit   stm32f4xx_hal_msp.o
    0x08001718   0x08001718   0x00000002   Code   RO         2215    i.HAL_I2C_SlaveRxCpltCallback  stm32f4xx_hal_i2c.o
    0x0800171a   0x0800171a   0x00000002   Code   RO         2216    i.HAL_I2C_SlaveTxCpltCallback  stm32f4xx_hal_i2c.o
    0x0800171c   0x0800171c   0x00000010   Code   RO         1939    i.HAL_IncTick       stm32f4xx_hal.o
    0x0800172c   0x0800172c   0x00000034   Code   RO         1940    i.HAL_Init          stm32f4xx_hal.o
    0x08001760   0x08001760   0x00000040   Code   RO         1941    i.HAL_InitTick      stm32f4xx_hal.o
    0x080017a0   0x080017a0   0x00000030   Code   RO          573    i.HAL_MspInit       stm32f4xx_hal_msp.o
    0x080017d0   0x080017d0   0x0000001a   Code   RO         1790    i.HAL_NVIC_EnableIRQ  stm32f4xx_hal_cortex.o
    0x080017ea   0x080017ea   0x00000002   PAD
    0x080017ec   0x080017ec   0x00000040   Code   RO         1796    i.HAL_NVIC_SetPriority  stm32f4xx_hal_cortex.o
    0x0800182c   0x0800182c   0x00000024   Code   RO         1797    i.HAL_NVIC_SetPriorityGrouping  stm32f4xx_hal_cortex.o
    0x08001850   0x08001850   0x00000070   Code   RO         1719    i.HAL_PWREx_EnableOverDrive  stm32f4xx_hal_pwr_ex.o
    0x080018c0   0x080018c0   0x00000134   Code   RO          945    i.HAL_RCC_ClockConfig  stm32f4xx_hal_rcc.o
    0x080019f4   0x080019f4   0x00000020   Code   RO          952    i.HAL_RCC_GetPCLK1Freq  stm32f4xx_hal_rcc.o
    0x08001a14   0x08001a14   0x00000020   Code   RO          953    i.HAL_RCC_GetPCLK2Freq  stm32f4xx_hal_rcc.o
    0x08001a34   0x08001a34   0x00000094   Code   RO         1056    i.HAL_RCC_GetSysClockFreq  stm32f4xx_hal_rcc_ex.o
    0x08001ac8   0x08001ac8   0x00000398   Code   RO         1057    i.HAL_RCC_OscConfig  stm32f4xx_hal_rcc_ex.o
    0x08001e60   0x08001e60   0x00000028   Code   RO         1801    i.HAL_SYSTICK_Config  stm32f4xx_hal_cortex.o
    0x08001e88   0x08001e88   0x00000002   Code   RO         3346    i.HAL_TIMEx_BreakCallback  stm32f4xx_hal_tim_ex.o
    0x08001e8a   0x08001e8a   0x00000002   Code   RO         3347    i.HAL_TIMEx_CommutCallback  stm32f4xx_hal_tim_ex.o
    0x08001e8c   0x08001e8c   0x0000005a   Code   RO         2642    i.HAL_TIM_Base_Init  stm32f4xx_hal_tim.o
    0x08001ee6   0x08001ee6   0x00000002   PAD
    0x08001ee8   0x08001ee8   0x0000003c   Code   RO          575    i.HAL_TIM_Base_MspInit  stm32f4xx_hal_msp.o
    0x08001f24   0x08001f24   0x00000002   Code   RO         2676    i.HAL_TIM_IC_CaptureCallback  stm32f4xx_hal_tim.o
    0x08001f26   0x08001f26   0x00000166   Code   RO         2690    i.HAL_TIM_IRQHandler  stm32f4xx_hal_tim.o
    0x0800208c   0x0800208c   0x00000002   Code   RO         2693    i.HAL_TIM_OC_DelayElapsedCallback  stm32f4xx_hal_tim.o
    0x0800208e   0x0800208e   0x00000002   Code   RO         2720    i.HAL_TIM_PWM_PulseFinishedCallback  stm32f4xx_hal_tim.o
    0x08002090   0x08002090   0x00000002   Code   RO         2728    i.HAL_TIM_PeriodElapsedCallback  stm32f4xx_hal_tim.o
    0x08002092   0x08002092   0x00000002   Code   RO         2733    i.HAL_TIM_TriggerCallback  stm32f4xx_hal_tim.o
    0x08002094   0x08002094   0x00000002   Code   RO         3624    i.HAL_UARTEx_RxEventCallback  stm32f4xx_hal_uart.o
    0x08002096   0x08002096   0x00000002   Code   RO         3638    i.HAL_UART_ErrorCallback  stm32f4xx_hal_uart.o
    0x08002098   0x08002098   0x00000268   Code   RO         3641    i.HAL_UART_IRQHandler  stm32f4xx_hal_uart.o
    0x08002300   0x08002300   0x00000062   Code   RO         3642    i.HAL_UART_Init     stm32f4xx_hal_uart.o
    0x08002362   0x08002362   0x00000002   PAD
    0x08002364   0x08002364   0x000000f0   Code   RO          577    i.HAL_UART_MspInit  stm32f4xx_hal_msp.o
    0x08002454   0x08002454   0x0000002a   Code   RO         3647    i.HAL_UART_Receive_IT  stm32f4xx_hal_uart.o
    0x0800247e   0x0800247e   0x00000002   PAD
    0x08002480   0x08002480   0x0000004c   Code   RO           31    i.HAL_UART_RxCpltCallback  main.o
    0x080024cc   0x080024cc   0x00000002   Code   RO         3653    i.HAL_UART_TxCpltCallback  stm32f4xx_hal_uart.o
    0x080024ce   0x080024ce   0x00000002   Code   RO          445    i.HardFault_Handler  stm32f4xx_it.o
    0x080024d0   0x080024d0   0x0000000c   Code   RO          446    i.I2C1_ER_IRQHandler  stm32f4xx_it.o
    0x080024dc   0x080024dc   0x0000000c   Code   RO          447    i.I2C1_EV_IRQHandler  stm32f4xx_it.o
    0x080024e8   0x080024e8   0x000000bc   Code   RO         2227    i.I2C_DMAAbort      stm32f4xx_hal_i2c.o
    0x080025a4   0x080025a4   0x00000158   Code   RO         2230    i.I2C_ITError       stm32f4xx_hal_i2c.o
    0x080026fc   0x080026fc   0x000000d2   Code   RO         2232    i.I2C_MasterReceive_BTF  stm32f4xx_hal_i2c.o
    0x080027ce   0x080027ce   0x00000002   PAD
    0x080027d0   0x080027d0   0x000000e8   Code   RO         2233    i.I2C_MasterReceive_RXNE  stm32f4xx_hal_i2c.o
    0x080028b8   0x080028b8   0x00000082   Code   RO         2236    i.I2C_MasterTransmit_BTF  stm32f4xx_hal_i2c.o
    0x0800293a   0x0800293a   0x00000002   PAD
    0x0800293c   0x0800293c   0x000000b6   Code   RO         2237    i.I2C_MasterTransmit_TXE  stm32f4xx_hal_i2c.o
    0x080029f2   0x080029f2   0x00000002   PAD
    0x080029f4   0x080029f4   0x00000118   Code   RO         2238    i.I2C_Master_ADDR   stm32f4xx_hal_i2c.o
    0x08002b0c   0x08002b0c   0x0000008c   Code   RO         2239    i.I2C_Master_SB     stm32f4xx_hal_i2c.o
    0x08002b98   0x08002b98   0x000000a0   Code   RO         2240    i.I2C_MemoryTransmit_TXE_BTF  stm32f4xx_hal_i2c.o
    0x08002c38   0x08002c38   0x00000046   Code   RO         2243    i.I2C_Slave_ADDR    stm32f4xx_hal_i2c.o
    0x08002c7e   0x08002c7e   0x00000002   PAD
    0x08002c80   0x08002c80   0x00000084   Code   RO         2244    i.I2C_Slave_AF      stm32f4xx_hal_i2c.o
    0x08002d04   0x08002d04   0x0000015c   Code   RO         2245    i.I2C_Slave_STOPF   stm32f4xx_hal_i2c.o
    0x08002e60   0x08002e60   0x00000054   Code   RO           32    i.Joystick_Reception  main.o
    0x08002eb4   0x08002eb4   0x00000064   Code   RO           33    i.MX_CAN2_Init      main.o
    0x08002f18   0x08002f18   0x000000c0   Code   RO           34    i.MX_GPIO_Init      main.o
    0x08002fd8   0x08002fd8   0x00000002   Code   RO          448    i.MemManage_Handler  stm32f4xx_it.o
    0x08002fda   0x08002fda   0x00000002   Code   RO          449    i.NMI_Handler       stm32f4xx_it.o
    0x08002fdc   0x08002fdc   0x000000ac   Code   RO           37    i.New_Sensor_Pos    main.o
    0x08003088   0x08003088   0x00000002   Code   RO          450    i.PendSV_Handler    stm32f4xx_it.o
    0x0800308a   0x0800308a   0x00000002   Code   RO          451    i.SVC_Handler       stm32f4xx_it.o
    0x0800308c   0x0800308c   0x00000048   Code   RO           45    i.Start_Calibration_For  main.o
    0x080030d4   0x080030d4   0x00000004   Code   RO          452    i.SysTick_Handler   stm32f4xx_it.o
    0x080030d8   0x080030d8   0x000000a0   Code   RO           47    i.SystemClock_Config  main.o
    0x08003178   0x08003178   0x00000010   Code   RO         3971    i.SystemInit        system_stm32f4xx.o
    0x08003188   0x08003188   0x0000000c   Code   RO          453    i.TIM8_TRG_COM_TIM14_IRQHandler  stm32f4xx_it.o
    0x08003194   0x08003194   0x000000c8   Code   RO         2735    i.TIM_Base_SetConfig  stm32f4xx_hal_tim.o
    0x0800325c   0x0800325c   0x0000000c   Code   RO          454    i.UART4_IRQHandler  stm32f4xx_it.o
    0x08003268   0x08003268   0x0000000c   Code   RO          455    i.UART5_IRQHandler  stm32f4xx_it.o
    0x08003274   0x08003274   0x00000010   Code   RO         3655    i.UART_DMAAbortOnError  stm32f4xx_hal_uart.o
    0x08003284   0x08003284   0x0000004e   Code   RO         3665    i.UART_EndRxTransfer  stm32f4xx_hal_uart.o
    0x080032d2   0x080032d2   0x000000c0   Code   RO         3667    i.UART_Receive_IT   stm32f4xx_hal_uart.o
    0x08003392   0x08003392   0x00000002   PAD
    0x08003394   0x08003394   0x0000010c   Code   RO         3668    i.UART_SetConfig    stm32f4xx_hal_uart.o
    0x080034a0   0x080034a0   0x0000003a   Code   RO         3670    i.UART_Start_Receive_IT  stm32f4xx_hal_uart.o
    0x080034da   0x080034da   0x00000002   Code   RO          456    i.UsageFault_Handler  stm32f4xx_it.o
    0x080034dc   0x080034dc   0x00000020   Code   RO         1803    i.__NVIC_SetPriority  stm32f4xx_hal_cortex.o
    0x080034fc   0x080034fc   0x0000014c   Code   RO           52    i.main              main.o
    0x08003648   0x08003648   0x00000062   Code   RO         4019    x$fpl$d2f           fz_wm.l(d2f.o)
    0x080036aa   0x080036aa   0x00000002   PAD
    0x080036ac   0x080036ac   0x00000150   Code   RO         4021    x$fpl$dadd          fz_wm.l(daddsub_clz.o)
    0x080037fc   0x080037fc   0x00000018   Code   RO         4074    x$fpl$dcmpinf       fz_wm.l(dcmpi.o)
    0x08003814   0x08003814   0x00000026   Code   RO         4035    x$fpl$dfltu         fz_wm.l(dflt_clz.o)
    0x0800383a   0x0800383a   0x00000002   PAD
    0x0800383c   0x0800383c   0x00000078   Code   RO         4041    x$fpl$dleqf         fz_wm.l(dleqf.o)
    0x080038b4   0x080038b4   0x00000154   Code   RO         4043    x$fpl$dmul          fz_wm.l(dmul.o)
    0x08003a08   0x08003a08   0x0000009c   Code   RO         4078    x$fpl$dnaninf       fz_wm.l(dnaninf.o)
    0x08003aa4   0x08003aa4   0x0000000c   Code   RO         4080    x$fpl$dretinf       fz_wm.l(dretinf.o)
    0x08003ab0   0x08003ab0   0x0000006c   Code   RO         4045    x$fpl$drleqf        fz_wm.l(drleqf.o)
    0x08003b1c   0x08003b1c   0x000001d4   Code   RO         4023    x$fpl$dsub          fz_wm.l(daddsub_clz.o)
    0x08003cf0   0x08003cf0   0x00000056   Code   RO         4047    x$fpl$f2d           fz_wm.l(f2d.o)
    0x08003d46   0x08003d46   0x0000008c   Code   RO         4082    x$fpl$fnaninf       fz_wm.l(fnaninf.o)
    0x08003dd2   0x08003dd2   0x0000000a   Code   RO         4211    x$fpl$fpinit        fz_wm.l(fpinit.o)
    0x08003ddc   0x08003ddc   0x0000000a   Code   RO         4084    x$fpl$fretinf       fz_wm.l(fretinf.o)
    0x08003de6   0x08003de6   0x00000000   Code   RO         4086    x$fpl$usenofp       fz_wm.l(usenofp.o)
    0x08003de6   0x08003de6   0x00000010   Data   RO         3972    .constdata          system_stm32f4xx.o
    0x08003df6   0x08003df6   0x00000008   Data   RO         3973    .constdata          system_stm32f4xx.o
    0x08003dfe   0x08003dfe   0x00000002   PAD
    0x08003e00   0x08003e00   0x00000020   Data   RO         4269    Region$$Table       anon$$obj.o


    Execution Region RW_IRAM1 (Exec base: 0x20000000, Load base: 0x08003e20, Size: 0x00000af0, Max: 0x00020000, ABSOLUTE, COMPRESSED[0x0000004c])

    Exec Addr    Load Addr    Size         Type   Attr      Idx    E Section Name        Object

    0x20000000   COMPRESSED   0x00000180   Data   RW           58    .data               main.o
    0x20000180   COMPRESSED   0x00000004   Data   RW          578    .data               stm32f4xx_hal_msp.o
    0x20000184   COMPRESSED   0x0000000c   Data   RW         1947    .data               stm32f4xx_hal.o
    0x20000190   COMPRESSED   0x00000004   Data   RW         3974    .data               system_stm32f4xx.o
    0x20000194        -       0x00000028   Zero   RW           53    .bss                main.o
    0x200001bc        -       0x000002d4   Zero   RW           54    .bss                main.o
    0x20000490        -       0x00000060   Zero   RW         4127    .bss                c_w.l(libspace.o)
    0x200004f0        -       0x00000200   Zero   RW            2    HEAP                startup_stm32f446xx.o
    0x200006f0        -       0x00000400   Zero   RW            1    STACK               startup_stm32f446xx.o


==============================================================================

Image component sizes


      Code (inc. data)   RO Data    RW Data    ZI Data      Debug   Object Name

      1886        182          0        384        764     749163   main.o
        64         26        452          0       1536        848   startup_stm32f446xx.o
       180         28          0         12          0       9293   stm32f4xx_hal.o
      1658          6          0          0          0      14323   stm32f4xx_hal_can.o
       198         14          0          0          0      33959   stm32f4xx_hal_cortex.o
       188          0          0          0          0       2702   stm32f4xx_hal_dma.o
       496         40          0          0          0       2859   stm32f4xx_hal_gpio.o
      3574         54          0          0          0      22825   stm32f4xx_hal_i2c.o
       776         74          0          4          0       4304   stm32f4xx_hal_msp.o
       112         14          0          0          0       1292   stm32f4xx_hal_pwr_ex.o
       372         44          0          0          0       2902   stm32f4xx_hal_rcc.o
      1068         28          0          0          0       2810   stm32f4xx_hal_rcc_ex.o
       658         44          0          0          0       6697   stm32f4xx_hal_tim.o
         4          0          0          0          0       1609   stm32f4xx_hal_tim_ex.o
      1374         16          0          0          0       9268   stm32f4xx_hal_uart.o
       128         54          0          0          0       8462   stm32f4xx_it.o
        16          4         24          4          0       1139   system_stm32f4xx.o

    ----------------------------------------------------------------------
     12780        628        510        404       2300     874455   Object Totals
         0          0         32          0          0          0   (incl. Generated)
        28          0          2          0          0          0   (incl. Padding)

    ----------------------------------------------------------------------

      Code (inc. data)   RO Data    RW Data    ZI Data      Debug   Library Member Name

        90          0          0          0          0          0   __dczerorl2.o
         8          0          0          0          0         68   __main.o
         0          0          0          0          0          0   __rtentry.o
        12          0          0          0          0          0   __rtentry2.o
         6          0          0          0          0          0   __rtentry4.o
        52          8          0          0          0          0   __scatter.o
        28          0          0          0          0          0   __scatter_zi.o
        18          0          0          0          0         80   exit.o
         6          0          0          0          0        152   heapauxi.o
         0          0          0          0          0          0   indicate_semi.o
         2          0          0          0          0          0   libinit.o
         6          0          0          0          0          0   libinit2.o
         2          0          0          0          0          0   libshutdown.o
         2          0          0          0          0          0   libshutdown2.o
         8          4          0          0         96         68   libspace.o
       238          0          0          0          0        100   lludivv7m.o
        78          0          0          0          0         80   rt_memclr_w.o
         2          0          0          0          0          0   rtexit.o
        10          0          0          0          0          0   rtexit2.o
        12          4          0          0          0         68   sys_exit.o
        74          0          0          0          0         80   sys_stackheap_outer.o
         2          0          0          0          0         68   use_no_semi.o
        98          4          0          0          0        140   d2f.o
       804         16          0          0          0        368   daddsub_clz.o
        24          0          0          0          0        116   dcmpi.o
        38          0          0          0          0        116   dflt_clz.o
       120          4          0          0          0        140   dleqf.o
       340         12          0          0          0        152   dmul.o
       156          4          0          0          0        140   dnaninf.o
        12          0          0          0          0        116   dretinf.o
       108          0          0          0          0        128   drleqf.o
        86          4          0          0          0        132   f2d.o
       140          4          0          0          0        132   fnaninf.o
        10          0          0          0          0        116   fpinit.o
        10          0          0          0          0        116   fretinf.o
         0          0          0          0          0          0   usenofp.o

    ----------------------------------------------------------------------
      2614         64          0          0         96       2676   Library Totals
        12          0          0          0          0          0   (incl. Padding)

    ----------------------------------------------------------------------

      Code (inc. data)   RO Data    RW Data    ZI Data      Debug   Library Name

       656         16          0          0         96        764   c_w.l
      1946         48          0          0          0       1912   fz_wm.l

    ----------------------------------------------------------------------
      2614         64          0          0         96       2676   Library Totals

    ----------------------------------------------------------------------

==============================================================================


      Code (inc. data)   RO Data    RW Data    ZI Data      Debug   

     15394        692        510        404       2396     864171   Grand Totals
     15394        692        510         76       2396     864171   ELF Image Totals (compressed)
     15394        692        510         76          0          0   ROM Totals

==============================================================================

    Total RO  Size (Code + RO Data)                15904 (  15.53kB)
    Total RW  Size (RW Data + ZI Data)              2800 (   2.73kB)
    Total ROM Size (Code + RO Data + RW Data)      15980 (  15.61kB)

==============================================================================

